Archive member included to satisfy reference by file (symbol)

/Users/charlie/sdk/vexv5/libv5rt.a(v5_startup.c.obj)
                              (vexStartup)
/Users/charlie/sdk/vexv5/libv5rt.a(v5_util.c.obj)
                              /Users/charlie/sdk/vexv5/libv5rt.a(v5_startup.c.obj) (vexStdlibVersionLinked)
/Users/charlie/sdk/vexv5/libv5rt.a(v5_apijump.c.obj)
                              /Users/charlie/sdk/vexv5/libv5rt.a(v5_startup.c.obj) (vexPrivateApiEnable)
/Users/charlie/sdk/vexv5/libv5rt.a(v5_apiversions.c.obj)
                              /Users/charlie/sdk/vexv5/libv5rt.a(v5_apijump.c.obj) (vexSystemVersion)
/Users/charlie/sdk/vexv5/libv5rt.a(vex_global.cpp.obj)
                              build/src/main.o (vex::wait(double, vex::timeUnits))
/Users/charlie/sdk/vexv5/libv5rt.a(vex_thread.cpp.obj)
                              /Users/charlie/sdk/vexv5/libv5rt.a(vex_global.cpp.obj) (vex::this_thread::sleep_for(unsigned long))
/Users/charlie/sdk/vexv5/libv5rt.a(vex_brain.cpp.obj)
                              build/src/robot-config.o (vex::brain::brain())
/Users/charlie/sdk/vexv5/libv5rt.a(vex_competition.cpp.obj)
                              build/src/main.o (vex::competition::competition())
/Users/charlie/sdk/vexv5/libv5rt.a(vex_triport.cpp.obj)
                              /Users/charlie/sdk/vexv5/libv5rt.a(vex_brain.cpp.obj) (vex::triport::~triport())
/Users/charlie/sdk/vexv5/libv5rt.a(vex_color.cpp.obj)
                              /Users/charlie/sdk/vexv5/libv5rt.a(vex_brain.cpp.obj) (vex::color::operator unsigned long() const)
/Users/charlie/sdk/vexv5/libv5rt.a(vex_timer.cpp.obj)
                              /Users/charlie/sdk/vexv5/libv5rt.a(vex_brain.cpp.obj) (vex::timer::~timer())
/Users/charlie/sdk/vexv5/libv5rt.a(v5_apiuser.c.obj)
                              /Users/charlie/sdk/vexv5/libv5rt.a(vex_triport.cpp.obj) (vexAdiPortConfigSet)
/Users/charlie/sdk/vexv5/libv5rt.a(vex_device.cpp.obj)
                              /Users/charlie/sdk/vexv5/libv5rt.a(vex_triport.cpp.obj) (vex::device::~device())
/Users/charlie/sdk/vexv5/libv5rt.a(vex_task.cpp.obj)
                              /Users/charlie/sdk/vexv5/libv5rt.a(vex_competition.cpp.obj) (vex::task::task(int (*)()))
/Users/charlie/sdk/vexv5/libv5rt.a(vex_event.cpp.obj)
                              /Users/charlie/sdk/vexv5/libv5rt.a(vex_brain.cpp.obj) (vex::event::init(unsigned long, unsigned long, void (*)()))
/Users/charlie/sdk/vexv5/libv5rt.a(vex_mevent.cpp.obj)
                              /Users/charlie/sdk/vexv5/libv5rt.a(vex_brain.cpp.obj) (vex::mevent::mevent(unsigned long, unsigned long))
/Users/charlie/sdk/vexv5/gcc/libs/libc.a(lib_a-fini.o)
                              /Users/charlie/sdk/vexv5/libv5rt.a(v5_startup.c.obj) (__libc_fini_array)
/Users/charlie/sdk/vexv5/gcc/libs/libc.a(lib_a-impure.o)
                              /Users/charlie/sdk/vexv5/libv5rt.a(v5_startup.c.obj) (_impure_ptr)
/Users/charlie/sdk/vexv5/gcc/libs/libc.a(lib_a-init.o)
                              /Users/charlie/sdk/vexv5/libv5rt.a(v5_startup.c.obj) (__libc_init_array)
/Users/charlie/sdk/vexv5/gcc/libs/libc.a(lib_a-tolower.o)
                              /Users/charlie/sdk/vexv5/libv5rt.a(vex_brain.cpp.obj) (tolower)
/Users/charlie/sdk/vexv5/gcc/libs/libc.a(lib_a-ctype_.o)
                              /Users/charlie/sdk/vexv5/gcc/libs/libc.a(lib_a-tolower.o) (__ctype_ptr__)

Allocating common symbols
Common symbol       size              file

__vex_critical_section
                    0x1               /Users/charlie/sdk/vexv5/libv5rt.a(v5_startup.c.obj)

Discarded input sections

 .text          0x0000000000000000        0x0 build/src/main.o
 .text._Z9pre_autonv
                0x0000000000000000       0x30 build/src/main.o
 .ARM.exidx.text._Z9pre_autonv
                0x0000000000000000        0x8 build/src/main.o
 .text          0x0000000000000000        0x0 build/src/robot-config.o
 .text          0x0000000000000000        0x0 /Users/charlie/sdk/vexv5/libv5rt.a(v5_startup.c.obj)
 .data          0x0000000000000000        0x0 /Users/charlie/sdk/vexv5/libv5rt.a(v5_startup.c.obj)
 .bss           0x0000000000000000        0x0 /Users/charlie/sdk/vexv5/libv5rt.a(v5_startup.c.obj)
 .text.__cyg_profile_func_enter
                0x0000000000000000        0x4 /Users/charlie/sdk/vexv5/libv5rt.a(v5_startup.c.obj)
 .text.__cyg_profile_func_exit
                0x0000000000000000        0x4 /Users/charlie/sdk/vexv5/libv5rt.a(v5_startup.c.obj)
 .text._sbrk    0x0000000000000000       0x54 /Users/charlie/sdk/vexv5/libv5rt.a(v5_startup.c.obj)
 .text._exit    0x0000000000000000       0x5c /Users/charlie/sdk/vexv5/libv5rt.a(v5_startup.c.obj)
 .text.kill     0x0000000000000000       0x1c /Users/charlie/sdk/vexv5/libv5rt.a(v5_startup.c.obj)
 .text._kill    0x0000000000000000       0x1c /Users/charlie/sdk/vexv5/libv5rt.a(v5_startup.c.obj)
 .text.getpid   0x0000000000000000        0x8 /Users/charlie/sdk/vexv5/libv5rt.a(v5_startup.c.obj)
[...]
Memory Configuration

Name             Origin             Length             Attributes
ps7_ddr_0_S_AXI_BASEADDR 0x0000000003800000 0x0000000004800000
*default*        0x0000000000000000 0xffffffffffffffff

Linker script and memory map

                0x0000000000002000                _STACK_SIZE = DEFINED (_STACK_SIZE)?_STACK_SIZE:0x2000
                0x0000000000100000                _HEAP_SIZE = DEFINED (_HEAP_SIZE)?_HEAP_SIZE:0x100000
                0x0000000000000400                _ABORT_STACK_SIZE = DEFINED (_ABORT_STACK_SIZE)?_ABORT_STACK_SIZE:0x400
                0x0000000000000800                _SUPERVISOR_STACK_SIZE = DEFINED (_SUPERVISOR_STACK_SIZE)?_SUPERVISOR_STACK_SIZE:0x800
                0x0000000000000400                _IRQ_STACK_SIZE = DEFINED (_IRQ_STACK_SIZE)?_IRQ_STACK_SIZE:0x400
                0x0000000000000400                _FIQ_STACK_SIZE = DEFINED (_FIQ_STACK_SIZE)?_FIQ_STACK_SIZE:0x400
                0x0000000000000400                _UNDEF_STACK_SIZE = DEFINED (_UNDEF_STACK_SIZE)?_UNDEF_STACK_SIZE:0x400

.text           0x0000000003800000     0x16e0
 *(.vectors)
 *(.boot_data)
 .boot_data     0x0000000003800000       0x20 /Users/charlie/sdk/vexv5/libv5rt.a(v5_startup.c.obj)
                0x0000000003800000                vexCodeSig
                0x0000000000000020                . = 0x20
 *(.boot)
 .boot          0x0000000003800020       0xbc /Users/charlie/sdk/vexv5/libv5rt.a(v5_startup.c.obj)
                0x0000000003800020                vexStartup
                0x0000000003800100                . = ALIGN (0x40)
 *fill*         0x00000000038000dc       0x24 
 *(.freertos_vectors)
 *(.text)
 *(.text.*)
 .text._Z10autonomousv
                0x0000000003800100        0x4 build/src/main.o
                0x0000000003800100                autonomous()
 .text._Z11usercontrolv
                0x0000000003800104       0x30 build/src/main.o
                0x0000000003800104                usercontrol()
 *fill*         0x0000000003800134        0x4 
 .text.main     0x0000000003800138       0x88 build/src/main.o
                0x0000000003800138                main
 .text._GLOBAL__sub_I_main.cpp
                0x00000000038001c0       0x34 build/src/main.o
 .text._Z11vexcodeInitv
                0x00000000038001f4        0x4 build/src/robot-config.o
                0x00000000038001f4                vexcodeInit()
 .text._GLOBAL__sub_I_robot_config.cpp
                0x00000000038001f8       0x34 build/src/robot-config.o
 .text.vexMain  0x000000000380022c       0xb0 /Users/charlie/sdk/vexv5/libv5rt.a(v5_startup.c.obj)
                0x000000000380022c                vexMain
 .text.__vex_function_prolog
                0x00000000038002dc       0x18 /Users/charlie/sdk/vexv5/libv5rt.a(v5_startup.c.obj)
                0x00000000038002dc                __vex_function_prolog
 .text._init    0x00000000038002f4        0x4 /Users/charlie/sdk/vexv5/libv5rt.a(v5_startup.c.obj)
                0x00000000038002f4                _init
 .text._fini    0x00000000038002f8        0x4 /Users/charlie/sdk/vexv5/libv5rt.a(v5_startup.c.obj)
                0x00000000038002f8                _fini
 .text.vexStdlibVersionLinked
                0x00000000038002fc        0xc /Users/charlie/sdk/vexv5/libv5rt.a(v5_util.c.obj)
                0x00000000038002fc                vexStdlibVersionLinked
 .text.vexStdlibVersionVerify
                0x0000000003800308       0x30 /Users/charlie/sdk/vexv5/libv5rt.a(v5_util.c.obj)
                0x0000000003800308                vexStdlibVersionVerify
 .text.vexPrivateApiEnable
                0x0000000003800338       0x10 /Users/charlie/sdk/vexv5/libv5rt.a(v5_apijump.c.obj)
                0x0000000003800338                vexPrivateApiEnable
 .text.vexStdlibMismatchError
                0x0000000003800348       0x3c /Users/charlie/sdk/vexv5/libv5rt.a(v5_apijump.c.obj)
                0x0000000003800348                vexStdlibMismatchError
 .text.vexTaskAdd
                0x0000000003800384       0x10 /Users/charlie/sdk/vexv5/libv5rt.a(v5_apijump.c.obj)
                0x0000000003800384                vexTaskAdd
 .text.vexTasksRun
                0x0000000003800394       0x10 /Users/charlie/sdk/vexv5/libv5rt.a(v5_apijump.c.obj)
                0x0000000003800394                vexTasksRun
 .text.vexTaskYield
                0x00000000038003a4       0x10 /Users/charlie/sdk/vexv5/libv5rt.a(v5_apijump.c.obj)
                0x00000000038003a4                vexTaskYield
 .text.vexTaskCheckTimeslice
                0x00000000038003b4       0x10 /Users/charlie/sdk/vexv5/libv5rt.a(v5_apijump.c.obj)
                0x00000000038003b4                vexTaskCheckTimeslice
 .text.vexTaskSleep
                0x00000000038003c4       0x10 /Users/charlie/sdk/vexv5/libv5rt.a(v5_apijump.c.obj)
                0x00000000038003c4                vexTaskSleep
 .text.vexTasksDump
                0x00000000038003d4       0x1c /Users/charlie/sdk/vexv5/libv5rt.a(v5_apijump.c.obj)
                0x00000000038003d4                vexTasksDump
 .text.vexTaskGetTaskIndex
                0x00000000038003f0       0x10 /Users/charlie/sdk/vexv5/libv5rt.a(v5_apijump.c.obj)
                0x00000000038003f0                vexTaskGetTaskIndex
 .text.vexTaskStopAll
                0x0000000003800400       0x10 /Users/charlie/sdk/vexv5/libv5rt.a(v5_apijump.c.obj)
                0x0000000003800400                vexTaskStopAll
 .text.vexTaskRemoveAllUser
                0x0000000003800410       0x34 /Users/charlie/sdk/vexv5/libv5rt.a(v5_apijump.c.obj)
                0x0000000003800410                vexTaskRemoveAllUser
 .text.vexTaskCompletionIdSet
                0x0000000003800444       0x10 /Users/charlie/sdk/vexv5/libv5rt.a(v5_apijump.c.obj)
                0x0000000003800444                vexTaskCompletionIdSet
 .text.vexTaskStopWithId
                0x0000000003800454       0x10 /Users/charlie/sdk/vexv5/libv5rt.a(v5_apijump.c.obj)
                0x0000000003800454                vexTaskStopWithId
 .text.vexEventAdd
                0x0000000003800464       0x34 /Users/charlie/sdk/vexv5/libv5rt.a(v5_apijump.c.obj)
                0x0000000003800464                vexEventAdd
 .text.vexEventUserIndexGet
                0x0000000003800498       0x1c /Users/charlie/sdk/vexv5/libv5rt.a(v5_apijump.c.obj)
                0x0000000003800498                vexEventUserIndexGet
 .text.vexEventAddWithArg
                0x00000000038004b4       0x3c /Users/charlie/sdk/vexv5/libv5rt.a(v5_apijump.c.obj)
                0x00000000038004b4                vexEventAddWithArg
 .text.vexEventsCleanup
                0x00000000038004f0       0x2c /Users/charlie/sdk/vexv5/libv5rt.a(v5_apijump.c.obj)
                0x00000000038004f0                vexEventsCleanup
 .text.vexDebug
                0x000000000380051c       0x38 /Users/charlie/sdk/vexv5/libv5rt.a(v5_apijump.c.obj)
                0x000000000380051c                vexDebug
 .text.vex_sprintf
                0x0000000003800554       0x40 /Users/charlie/sdk/vexv5/libv5rt.a(v5_apijump.c.obj)
                0x0000000003800554                vex_sprintf
 .text.vex_vsnprintf
                0x0000000003800594       0x3c /Users/charlie/sdk/vexv5/libv5rt.a(v5_apijump.c.obj)
                0x0000000003800594                vex_vsnprintf
 .text.vexSystemTimeGet
                0x00000000038005d0       0x1c /Users/charlie/sdk/vexv5/libv5rt.a(v5_apijump.c.obj)
                0x00000000038005d0                vexSystemTimeGet
 .text.vexSystemExitRequest
                0x00000000038005ec       0x1c /Users/charlie/sdk/vexv5/libv5rt.a(v5_apijump.c.obj)
                0x00000000038005ec                vexSystemExitRequest
 .text.vexDeviceGetByIndex
                0x0000000003800608       0x24 /Users/charlie/sdk/vexv5/libv5rt.a(v5_apijump.c.obj)
                0x0000000003800608                vexDeviceGetByIndex
 .text.vexDisplayForegroundColor
                0x000000000380062c       0x24 /Users/charlie/sdk/vexv5/libv5rt.a(v5_apijump.c.obj)
                0x000000000380062c                vexDisplayForegroundColor
 .text.vexDisplayBackgroundColor
                0x0000000003800650       0x24 /Users/charlie/sdk/vexv5/libv5rt.a(v5_apijump.c.obj)
                0x0000000003800650                vexDisplayBackgroundColor
 .text.vexDisplayPrintf
                0x0000000003800674       0x68 /Users/charlie/sdk/vexv5/libv5rt.a(v5_apijump.c.obj)
                0x0000000003800674                vexDisplayPrintf
 .text.vexDisplayTextReference
                0x00000000038006dc       0x24 /Users/charlie/sdk/vexv5/libv5rt.a(v5_apijump.c.obj)
                0x00000000038006dc                vexDisplayTextReference
 .text.vexDisplayTextSize
                0x0000000003800700       0x2c /Users/charlie/sdk/vexv5/libv5rt.a(v5_apijump.c.obj)
                0x0000000003800700                vexDisplayTextSize
 .text.vexDisplayFontNamedSet
                0x000000000380072c       0x24 /Users/charlie/sdk/vexv5/libv5rt.a(v5_apijump.c.obj)
                0x000000000380072c                vexDisplayFontNamedSet
 .text.vexSystemStdlibImpureDataAddr
                0x0000000003800750       0x28 /Users/charlie/sdk/vexv5/libv5rt.a(v5_apijump.c.obj)
                0x0000000003800750                vexSystemStdlibImpureDataAddr
 .text.vexSystemStdlibImpureDataSize
                0x0000000003800778       0x28 /Users/charlie/sdk/vexv5/libv5rt.a(v5_apijump.c.obj)
                0x0000000003800778                vexSystemStdlibImpureDataSize
 .text.vexSystemSaveUserData
                0x00000000038007a0       0x3c /Users/charlie/sdk/vexv5/libv5rt.a(v5_apijump.c.obj)
                0x00000000038007a0                vexSystemSaveUserData
 .text.vexDisplayThemeIdGet
                0x00000000038007dc       0x38 /Users/charlie/sdk/vexv5/libv5rt.a(v5_apijump.c.obj)
                0x00000000038007dc                vexDisplayThemeIdGet
 .text.vexDeviceEventMaskSet
                0x0000000003800814       0x48 /Users/charlie/sdk/vexv5/libv5rt.a(v5_apijump.c.obj)
                0x0000000003800814                vexDeviceEventMaskSet
 .text.vexDeviceEventMaskGet
                0x000000000380085c       0x3c /Users/charlie/sdk/vexv5/libv5rt.a(v5_apijump.c.obj)
                0x000000000380085c                vexDeviceEventMaskGet
 .text.vexSystemVersion
                0x0000000003800898       0x10 /Users/charlie/sdk/vexv5/libv5rt.a(v5_apiversions.c.obj)
                0x0000000003800898                vexSystemVersion
 .text.vexStdlibVersion
                0x00000000038008a8       0x10 /Users/charlie/sdk/vexv5/libv5rt.a(v5_apiversions.c.obj)
                0x00000000038008a8                vexStdlibVersion
 .text._ZN3vex4waitEdNS_9timeUnitsE
                0x00000000038008b8       0x30 /Users/charlie/sdk/vexv5/libv5rt.a(vex_global.cpp.obj)
                0x00000000038008b8                vex::wait(double, vex::timeUnits)
 .text._ZN3vex11this_thread9sleep_forEm
                0x00000000038008e8        0x4 /Users/charlie/sdk/vexv5/libv5rt.a(vex_thread.cpp.obj)
                0x00000000038008e8                vex::this_thread::sleep_for(unsigned long)
 .text._ZN3vex5brain9_getIndexEv
                0x00000000038008ec       0x10 /Users/charlie/sdk/vexv5/libv5rt.a(vex_brain.cpp.obj)
                0x00000000038008ec                vex::brain::_getIndex()
 .text._ZN3vex5brain3lcd9setCursorEll
                0x00000000038008fc       0x44 /Users/charlie/sdk/vexv5/libv5rt.a(vex_brain.cpp.obj)
                0x00000000038008fc                vex::brain::lcd::setCursor(long, long)
 .text._ZN3vex5brain3lcd7setFontENS_8fontTypeE
                0x0000000003800940      0x23c /Users/charlie/sdk/vexv5/libv5rt.a(vex_brain.cpp.obj)
                0x0000000003800940                vex::brain::lcd::setFont(vex::fontType)
 .text._ZN3vex5brain3lcdC2Ev
                0x0000000003800b7c       0x94 /Users/charlie/sdk/vexv5/libv5rt.a(vex_brain.cpp.obj)
                0x0000000003800b7c                vex::brain::lcd::lcd()
                0x0000000003800b7c                vex::brain::lcd::lcd()
 .text._ZN3vex5brainC2Ev
                0x0000000003800c10       0x38 /Users/charlie/sdk/vexv5/libv5rt.a(vex_brain.cpp.obj)
                0x0000000003800c10                vex::brain::brain()
                0x0000000003800c10                vex::brain::brain()
 .text._ZN3vex5brain3lcd7printAtEllPKcz
                0x0000000003800c48       0x6c /Users/charlie/sdk/vexv5/libv5rt.a(vex_brain.cpp.obj)
                0x0000000003800c48                vex::brain::lcd::printAt(long, long, char const*, ...)
 .text._ZN3vex5brainD2Ev
                0x0000000003800cb4       0x20 /Users/charlie/sdk/vexv5/libv5rt.a(vex_brain.cpp.obj)
                0x0000000003800cb4                vex::brain::~brain()
                0x0000000003800cb4                vex::brain::~brain()
 .text._ZN3vex11competition11_autonomousEv
                0x0000000003800cd4       0x90 /Users/charlie/sdk/vexv5/libv5rt.a(vex_competition.cpp.obj)
                0x0000000003800cd4                vex::competition::_autonomous()
 .text._ZN3vex11competition14_drivercontrolEv
                0x0000000003800d64       0x90 /Users/charlie/sdk/vexv5/libv5rt.a(vex_competition.cpp.obj)
                0x0000000003800d64                vex::competition::_drivercontrol()
 .text._ZN3vex11competition8_disableEPv
                0x0000000003800df4       0xc8 /Users/charlie/sdk/vexv5/libv5rt.a(vex_competition.cpp.obj)
                0x0000000003800df4                vex::competition::_disable(void*)
 .text._ZN3vex11competitionC2Ev
                0x0000000003800ebc      0x13c /Users/charlie/sdk/vexv5/libv5rt.a(vex_competition.cpp.obj)
                0x0000000003800ebc                vex::competition::competition()
                0x0000000003800ebc                vex::competition::competition()
 .text._ZN3vex11competitionD2Ev
                0x0000000003800ff8        0x4 /Users/charlie/sdk/vexv5/libv5rt.a(vex_competition.cpp.obj)
                0x0000000003800ff8                vex::competition::~competition()
                0x0000000003800ff8                vex::competition::~competition()
 .text._ZN3vex11competition10autonomousEPFvvE
                0x0000000003800ffc       0x44 /Users/charlie/sdk/vexv5/libv5rt.a(vex_competition.cpp.obj)
                0x0000000003800ffc                vex::competition::autonomous(void (*)())
 .text._ZN3vex11competition13drivercontrolEPFvvE
                0x0000000003801040       0x44 /Users/charlie/sdk/vexv5/libv5rt.a(vex_competition.cpp.obj)
                0x0000000003801040                vex::competition::drivercontrol(void (*)())
 .text._ZN3vex7triportD2Ev
                0x0000000003801084       0x38 /Users/charlie/sdk/vexv5/libv5rt.a(vex_triport.cpp.obj)
                0x0000000003801084                vex::triport::~triport()
                0x0000000003801084                vex::triport::~triport()
 .text._ZN3vex7triportD0Ev
                0x00000000038010bc       0x1c /Users/charlie/sdk/vexv5/libv5rt.a(vex_triport.cpp.obj)
                0x00000000038010bc                vex::triport::~triport()
 .text._ZN3vex7triport9installedEv
                0x00000000038010d8       0x18 /Users/charlie/sdk/vexv5/libv5rt.a(vex_triport.cpp.obj)
                0x00000000038010d8                vex::triport::installed()
 .text._ZN3vex7triport4portC2ElPS0_
                0x00000000038010f0       0x74 /Users/charlie/sdk/vexv5/libv5rt.a(vex_triport.cpp.obj)
                0x00000000038010f0                vex::triport::port::port(long, vex::triport*)
                0x00000000038010f0                vex::triport::port::port(long, vex::triport*)
 .text._ZN3vex7triportC2El
                0x0000000003801164       0xf0 /Users/charlie/sdk/vexv5/libv5rt.a(vex_triport.cpp.obj)
                0x0000000003801164                vex::triport::triport(long)
                0x0000000003801164                vex::triport::triport(long)
 .text.startup._GLOBAL__sub_I__ZN3vex7triportC2El
                0x0000000003801254       0x30 /Users/charlie/sdk/vexv5/libv5rt.a(vex_triport.cpp.obj)
 .text._ZN3vex5colorD2Ev
                0x0000000003801284        0x4 /Users/charlie/sdk/vexv5/libv5rt.a(vex_color.cpp.obj)
                0x0000000003801284                vex::color::~color()
                0x0000000003801284                vex::color::~color()
 .text.startup._GLOBAL__sub_I__ZN3vex5color5blackE
                0x0000000003801288      0x164 /Users/charlie/sdk/vexv5/libv5rt.a(vex_color.cpp.obj)
 .text._ZN3vex5timerD2Ev
                0x00000000038013ec        0x4 /Users/charlie/sdk/vexv5/libv5rt.a(vex_timer.cpp.obj)
                0x00000000038013ec                vex::timer::~timer()
                0x00000000038013ec                vex::timer::~timer()
 .text._ZN3vex5timer5clearEv
                0x00000000038013f0       0x1c /Users/charlie/sdk/vexv5/libv5rt.a(vex_timer.cpp.obj)
                0x00000000038013f0                vex::timer::clear()
 .text._ZN3vex5timerC2Ev
                0x000000000380140c       0x14 /Users/charlie/sdk/vexv5/libv5rt.a(vex_timer.cpp.obj)
                0x000000000380140c                vex::timer::timer()
                0x000000000380140c                vex::timer::timer()
 .text.vexEventMaskSet
                0x0000000003801420       0x28 /Users/charlie/sdk/vexv5/libv5rt.a(v5_apiuser.c.obj)
                0x0000000003801420                vexEventMaskSet
 .text.vexEventMaskGet
                0x0000000003801448       0x18 /Users/charlie/sdk/vexv5/libv5rt.a(v5_apiuser.c.obj)
                0x0000000003801448                vexEventMaskGet
 .text._ZN3vex6deviceD2Ev
                0x0000000003801460        0x4 /Users/charlie/sdk/vexv5/libv5rt.a(vex_device.cpp.obj)
                0x0000000003801460                vex::device::~device()
                0x0000000003801460                vex::device::~device()
 .text._ZN3vex6device5valueEv
                0x0000000003801464        0x8 /Users/charlie/sdk/vexv5/libv5rt.a(vex_device.cpp.obj)
                0x0000000003801464                vex::device::value()
 .text._ZN3vex6deviceD0Ev
                0x000000000380146c       0x14 /Users/charlie/sdk/vexv5/libv5rt.a(vex_device.cpp.obj)
                0x000000000380146c                vex::device::~device()
 .text._ZN3vex6device4initEl
                0x0000000003801480       0x30 /Users/charlie/sdk/vexv5/libv5rt.a(vex_device.cpp.obj)
                0x0000000003801480                vex::device::init(long)
 .text._ZN3vex6deviceC2El
                0x00000000038014b0       0x20 /Users/charlie/sdk/vexv5/libv5rt.a(vex_device.cpp.obj)
                0x00000000038014b0                vex::device::device(long)
                0x00000000038014b0                vex::device::device(long)
 .text._ZN3vex6device4typeEv
                0x00000000038014d0       0x10 /Users/charlie/sdk/vexv5/libv5rt.a(vex_device.cpp.obj)
                0x00000000038014d0                vex::device::type()
 .text._ZN3vex6device9installedEv
                0x00000000038014e0       0x14 /Users/charlie/sdk/vexv5/libv5rt.a(vex_device.cpp.obj)
                0x00000000038014e0                vex::device::installed()
 .text._ZN3vex4taskC2EPFivE
                0x00000000038014f4       0x5c /Users/charlie/sdk/vexv5/libv5rt.a(vex_task.cpp.obj)
                0x00000000038014f4                vex::task::task(int (*)())
                0x00000000038014f4                vex::task::task(int (*)())
 .text._ZN3vex4taskD2Ev
                0x0000000003801550        0x4 /Users/charlie/sdk/vexv5/libv5rt.a(vex_task.cpp.obj)
                0x0000000003801550                vex::task::~task()
                0x0000000003801550                vex::task::~task()
 .text._ZN3vex4task4stopERKS0_
                0x0000000003801554       0x18 /Users/charlie/sdk/vexv5/libv5rt.a(vex_task.cpp.obj)
                0x0000000003801554                vex::task::stop(vex::task const&)
 .text._ZN3vex4task6_indexEPFivE
                0x000000000380156c       0x14 /Users/charlie/sdk/vexv5/libv5rt.a(vex_task.cpp.obj)
                0x000000000380156c                vex::task::_index(int (*)())
 .text._ZN3vex4task8_stopAllEv
                0x0000000003801580       0x3c /Users/charlie/sdk/vexv5/libv5rt.a(vex_task.cpp.obj)
                0x0000000003801580                vex::task::_stopAll()
 .text._ZN3vex5event4initEmmPFvvE
                0x00000000038015bc        0x4 /Users/charlie/sdk/vexv5/libv5rt.a(vex_event.cpp.obj)
                0x00000000038015bc                vex::event::init(unsigned long, unsigned long, void (*)())
 .text._ZN3vex5event4initEmmPFvPvES1_
                0x00000000038015c0        0x4 /Users/charlie/sdk/vexv5/libv5rt.a(vex_event.cpp.obj)
                0x00000000038015c0                vex::event::init(unsigned long, unsigned long, void (*)(void*), void*)
 .text._ZN3vex5event9userindexEv
                0x00000000038015c4        0x4 /Users/charlie/sdk/vexv5/libv5rt.a(vex_event.cpp.obj)
                0x00000000038015c4                vex::event::userindex()
 .text._ZZN3vex6meventC4EmmENUlvE_4_FUNEv
                0x00000000038015c8        0x4 /Users/charlie/sdk/vexv5/libv5rt.a(vex_mevent.cpp.obj)
 .text._ZN3vex6meventC2Emm
                0x00000000038015cc       0x70 /Users/charlie/sdk/vexv5/libv5rt.a(vex_mevent.cpp.obj)
                0x00000000038015cc                vex::mevent::mevent(unsigned long, unsigned long)
                0x00000000038015cc                vex::mevent::mevent(unsigned long, unsigned long)
 .text.__libc_fini_array
                0x000000000380163c       0x30 /Users/charlie/sdk/vexv5/gcc/libs/libc.a(lib_a-fini.o)
                0x000000000380163c                __libc_fini_array
 .text.__libc_init_array
                0x000000000380166c       0x58 /Users/charlie/sdk/vexv5/gcc/libs/libc.a(lib_a-init.o)
                0x000000000380166c                __libc_init_array
 *fill*         0x00000000038016c4        0x4 
 .text.__libc_init_array.__stub
                0x00000000038016c8       0x18 linker stubs
 *(.gnu.linkonce.t.*)
 *(.plt)
 *(.gnu_warning)
 *(.gcc_except_table)
 *(.glue_7)
 .glue_7        0x00000000038016e0        0x0 linker stubs
 *(.glue_7t)
 .glue_7t       0x00000000038016e0        0x0 linker stubs
 *(.vfp11_veneer)
 .vfp11_veneer  0x00000000038016e0        0x0 linker stubs
 *(.ARM.extab)
 *(.gnu.linkonce.armextab.*)

.v4_bx          0x00000000038016e0        0x0
 .v4_bx         0x00000000038016e0        0x0 linker stubs

.iplt           0x00000000038016e0        0x0
 .iplt          0x00000000038016e0        0x0 build/src/main.o

.init
 *(.init)

.fini
 *(.fini)

.rodata         0x00000000038016e0       0xb6
                0x00000000038016e0                __rodata_start = .
 *(.rodata)
 *(.rodata.*)
 .rodata.str1.1
                0x00000000038016e0        0x7 build/src/main.o
 .rodata.str1.1
                0x00000000038016e7       0x2e /Users/charlie/sdk/vexv5/libv5rt.a(v5_startup.c.obj)
 *fill*         0x0000000003801715        0x3 
 .rodata._ZN3vex4msecE
                0x0000000003801718        0x4 /Users/charlie/sdk/vexv5/libv5rt.a(vex_global.cpp.obj)
                0x0000000003801718                vex::msec
 .rodata._ZN3vex6PORT22E
                0x000000000380171c        0x4 /Users/charlie/sdk/vexv5/libv5rt.a(vex_global.cpp.obj)
                0x000000000380171c                vex::PORT22
 .rodata.str1.1
                0x0000000003801720       0x2b /Users/charlie/sdk/vexv5/libv5rt.a(vex_brain.cpp.obj)
 *fill*         0x000000000380174b        0x5 
 .rodata._ZTVN3vex7triportE
                0x0000000003801750       0x18 /Users/charlie/sdk/vexv5/libv5rt.a(vex_triport.cpp.obj)
                0x0000000003801750                vtable for vex::triport
 .rodata._ZTVN3vex6deviceE
                0x0000000003801768       0x18 /Users/charlie/sdk/vexv5/libv5rt.a(vex_device.cpp.obj)
                0x0000000003801768                vtable for vex::device
 .rodata.str1.1
                0x0000000003801780       0x14 /Users/charlie/sdk/vexv5/libv5rt.a(vex_task.cpp.obj)
 .rodata.str1.4
                0x0000000003801794        0x2 /Users/charlie/sdk/vexv5/gcc/libs/libc.a(lib_a-impure.o)
 *(.gnu.linkonce.r.*)
                0x0000000003801796                __rodata_end = .

.rodata1        0x0000000003801796        0x0
                0x0000000003801796                __rodata1_start = .
 *(.rodata1)
 *(.rodata1.*)
                0x0000000003801796                __rodata1_end = .

.sdata2         0x0000000003801796        0x0
                0x0000000003801796                __sdata2_start = .
 *(.sdata2)
 *(.sdata2.*)
 *(.gnu.linkonce.s2.*)
                0x0000000003801796                __sdata2_end = .

.sbss2          0x0000000003801796        0x0
                0x0000000003801796                __sbss2_start = .
 *(.sbss2)
 *(.sbss2.*)
 *(.gnu.linkonce.sb2.*)
                0x0000000003801796                __sbss2_end = .

.data           0x0000000003801798      0x434
                0x0000000003801798                __data_start = .
 *(.data)
 *(.data.*)
 .data.appRunning
                0x0000000003801798        0x4 /Users/charlie/sdk/vexv5/libv5rt.a(v5_startup.c.obj)
                0x0000000003801798                appRunning
 .data.__yoff   0x000000000380179c        0x4 /Users/charlie/sdk/vexv5/libv5rt.a(v5_apijump.c.obj)
 .data.impure_data
                0x00000000038017a0      0x428 /Users/charlie/sdk/vexv5/gcc/libs/libc.a(lib_a-impure.o)
 .data._impure_ptr
                0x0000000003801bc8        0x4 /Users/charlie/sdk/vexv5/gcc/libs/libc.a(lib_a-impure.o)
                0x0000000003801bc8                _impure_ptr
 *(.gnu.linkonce.d.*)
 *(.jcr)
 *(.got)
 *(.got.plt)
                0x0000000003801bcc                __data_end = .

.igot.plt       0x0000000003801bcc        0x0
 .igot.plt      0x0000000003801bcc        0x0 build/src/main.o

.data1          0x0000000003801bcc        0x0
                0x0000000003801bcc                __data1_start = .
 *(.data1)
 *(.data1.*)
                0x0000000003801bcc                __data1_end = .

.got
 *(.got)

.ctors          0x0000000003801bcc        0x0
                0x0000000003801bcc                __CTOR_LIST__ = .
                0x0000000003801bcc                ___CTORS_LIST___ = .
 *crtbegin.o(.ctors)
 *(EXCLUDE_FILE(*crtend.o) .ctors)
 *(SORT_BY_NAME(.ctors.*))
 *(.ctors)
                0x0000000003801bcc                __CTOR_END__ = .
                0x0000000003801bcc                ___CTORS_END___ = .

.dtors          0x0000000003801bcc        0x0
                0x0000000003801bcc                __DTOR_LIST__ = .
                0x0000000003801bcc                ___DTORS_LIST___ = .
 *crtbegin.o(.dtors)
 *(EXCLUDE_FILE(*crtend.o) .dtors)
 *(SORT_BY_NAME(.dtors.*))
 *(.dtors)
                0x0000000003801bcc                __DTOR_END__ = .
                0x0000000003801bcc                ___DTORS_END___ = .

.fixup          0x0000000003801bcc        0x0
                0x0000000003801bcc                __fixup_start = .
 *(.fixup)
                0x0000000003801bcc                __fixup_end = .

.eh_frame
 *(.eh_frame)

.eh_framehdr    0x0000000003801bcc        0x0
                0x0000000003801bcc                __eh_framehdr_start = .
 *(.eh_framehdr)
                0x0000000003801bcc                __eh_framehdr_end = .

.gcc_except_table
 *(.gcc_except_table)

.mmu_tbl        0x0000000003804000        0x0
                0x0000000003804000                __mmu_tbl_start = .
 *(.mmu_tbl)
                0x0000000003804000                __mmu_tbl_end = .

.ARM.exidx      0x0000000003801bcc        0x8
                0x0000000003801bcc                __exidx_start = .
 *(.ARM.exidx*)
 .ARM.exidx.text._Z10autonomousv
                0x0000000003801bcc        0x8 build/src/main.o
 .ARM.exidx.text._Z11usercontrolv
                0x0000000003801bd4        0x0 build/src/main.o
                                          0x8 (size before relaxing)
 .ARM.exidx.text.main
                0x0000000003801bd4        0x0 build/src/main.o
                                          0x8 (size before relaxing)
 .ARM.exidx.text._GLOBAL__sub_I_main.cpp
                0x0000000003801bd4        0x0 build/src/main.o
                                          0x8 (size before relaxing)
 .ARM.exidx.text._Z11vexcodeInitv
                0x0000000003801bd4        0x0 build/src/robot-config.o
                                          0x8 (size before relaxing)
 .ARM.exidx.text._GLOBAL__sub_I_robot_config.cpp
                0x0000000003801bd4        0x0 build/src/robot-config.o
                                          0x8 (size before relaxing)
 *(.gnu.linkonce.armexidix.*.*)
                0x0000000003801bd4                __exidx_end = .

.rel.dyn        0x0000000003801bd4        0x0
 .rel.iplt      0x0000000003801bd4        0x0 build/src/main.o

.preinit_array  0x0000000003801bd4        0x0
                0x0000000003801bd4                __preinit_array_start = .
 *(SORT_BY_NAME(.preinit_array.*))
 *(.preinit_array)
                0x0000000003801bd4                __preinit_array_end = .

.init_array     0x0000000003801bd4       0x10
                0x0000000003801bd4                __init_array_start = .
 *(SORT_BY_NAME(.init_array.*))
 *(.init_array)
 .init_array    0x0000000003801bd4        0x4 build/src/main.o
 .init_array    0x0000000003801bd8        0x4 build/src/robot-config.o
 .init_array    0x0000000003801bdc        0x4 /Users/charlie/sdk/vexv5/libv5rt.a(vex_triport.cpp.obj)
 .init_array    0x0000000003801be0        0x4 /Users/charlie/sdk/vexv5/libv5rt.a(vex_color.cpp.obj)
                0x0000000003801be4                __init_array_end = .

.fini_array     0x0000000003801be4        0x0
                0x0000000003801be4                __fini_array_start = .
 *(SORT_BY_NAME(.fini_array.*))
 *(.fini_array)
                0x0000000003801be4                __fini_array_end = .

.ARM.attributes
                0x0000000003801be4       0x41
                0x0000000003801be4                __ARM.attributes_start = .
 *(.ARM.attributes)
 .ARM.attributes
                0x0000000003801be4       0x47 build/src/main.o
 .ARM.attributes
                0x0000000003801c2b       0x47 build/src/robot-config.o
 .ARM.attributes
                0x0000000003801c72       0x35 /Users/charlie/sdk/vexv5/libv5rt.a(v5_startup.c.obj)
 .ARM.attributes
                0x0000000003801ca7       0x35 /Users/charlie/sdk/vexv5/libv5rt.a(v5_util.c.obj)
 .ARM.attributes
                0x0000000003801cdc       0x35 /Users/charlie/sdk/vexv5/libv5rt.a(v5_apijump.c.obj)
 .ARM.attributes
                0x0000000003801d11       0x35 /Users/charlie/sdk/vexv5/libv5rt.a(v5_apiversions.c.obj)
 .ARM.attributes
                0x0000000003801d46       0x35 /Users/charlie/sdk/vexv5/libv5rt.a(vex_global.cpp.obj)
 .ARM.attributes
                0x0000000003801d7b       0x35 /Users/charlie/sdk/vexv5/libv5rt.a(vex_thread.cpp.obj)
 .ARM.attributes
                0x0000000003801db0       0x35 /Users/charlie/sdk/vexv5/libv5rt.a(vex_brain.cpp.obj)
 .ARM.attributes
                0x0000000003801de5       0x35 /Users/charlie/sdk/vexv5/libv5rt.a(vex_competition.cpp.obj)
 .ARM.attributes
                0x0000000003801e1a       0x35 /Users/charlie/sdk/vexv5/libv5rt.a(vex_triport.cpp.obj)
 .ARM.attributes
                0x0000000003801e4f       0x35 /Users/charlie/sdk/vexv5/libv5rt.a(vex_color.cpp.obj)
 .ARM.attributes
                0x0000000003801e84       0x35 /Users/charlie/sdk/vexv5/libv5rt.a(vex_timer.cpp.obj)
 .ARM.attributes
                0x0000000003801eb9       0x35 /Users/charlie/sdk/vexv5/libv5rt.a(v5_apiuser.c.obj)
 .ARM.attributes
                0x0000000003801eee       0x35 /Users/charlie/sdk/vexv5/libv5rt.a(vex_device.cpp.obj)
 .ARM.attributes
                0x0000000003801f23       0x35 /Users/charlie/sdk/vexv5/libv5rt.a(vex_task.cpp.obj)
 .ARM.attributes
                0x0000000003801f58       0x35 /Users/charlie/sdk/vexv5/libv5rt.a(vex_event.cpp.obj)
 .ARM.attributes
                0x0000000003801f8d       0x35 /Users/charlie/sdk/vexv5/libv5rt.a(vex_mevent.cpp.obj)
 .ARM.attributes
                0x0000000003801fc2       0x2b /Users/charlie/sdk/vexv5/gcc/libs/libc.a(lib_a-fini.o)
 .ARM.attributes
                0x0000000003801fed       0x2b /Users/charlie/sdk/vexv5/gcc/libs/libc.a(lib_a-impure.o)
 .ARM.attributes
                0x0000000003802018       0x2b /Users/charlie/sdk/vexv5/gcc/libs/libc.a(lib_a-init.o)
                0x0000000003802043                __ARM.attributes_end = .

.sdata          0x0000000003801be4        0x0
                0x0000000003801be4                __sdata_start = .
 *(.sdata)
 *(.sdata.*)
 *(.gnu.linkonce.s.*)
                0x0000000003801be4                __sdata_end = .

.sbss           0x0000000003801be4        0x0
                0x0000000003801be4                __sbss_start = .
 *(.sbss)
 *(.sbss.*)
 *(.gnu.linkonce.sb.*)
                0x0000000003801be4                __sbss_end = .

.tdata          0x0000000003801be4        0x0
                0x0000000003801be4                __tdata_start = .
 *(.tdata)
 *(.tdata.*)
 *(.gnu.linkonce.td.*)
                0x0000000003801be4                __tdata_end = .

.tbss           0x0000000003801be4        0x0
                0x0000000003801be4                __tbss_start = .
 *(.tbss)
 *(.tbss.*)
 *(.gnu.linkonce.tb.*)
                0x0000000003801be4                __tbss_end = .

.bss            0x0000000003801be4      0x34d
                0x0000000003801be4                __bss_start = .
 *(.bss)
 *(.bss.*)
 .bss.Competition
                0x0000000003801be4       0x28 build/src/main.o
                0x0000000003801be4                Competition
 .bss.Brain     0x0000000003801c0c      0x2bc build/src/robot-config.o
                0x0000000003801c0c                Brain
 .bss.__dso_handle
                0x0000000003801ec8        0x4 /Users/charlie/sdk/vexv5/libv5rt.a(v5_startup.c.obj)
                0x0000000003801ec8                __dso_handle
 .bss._ZN3vex11competition22bStopTasksBetweenModesE
                0x0000000003801ecc        0x1 /Users/charlie/sdk/vexv5/libv5rt.a(vex_competition.cpp.obj)
                0x0000000003801ecc                vex::competition::bStopTasksBetweenModes
 .bss._ZN3vex11competition15_driver_pendingE
                0x0000000003801ecd        0x1 /Users/charlie/sdk/vexv5/libv5rt.a(vex_competition.cpp.obj)
                0x0000000003801ecd                vex::competition::_driver_pending
 .bss._ZN3vex11competition14_auton_pendingE
                0x0000000003801ece        0x1 /Users/charlie/sdk/vexv5/libv5rt.a(vex_competition.cpp.obj)
                0x0000000003801ece                vex::competition::_auton_pending
 *fill*         0x0000000003801ecf        0x1 
 .bss._ZN3vex11competition23_drivercontrol_callbackE
                0x0000000003801ed0        0x4 /Users/charlie/sdk/vexv5/libv5rt.a(vex_competition.cpp.obj)
                0x0000000003801ed0                vex::competition::_drivercontrol_callback
 .bss._ZN3vex11competition20_autonomous_callbackE
                0x0000000003801ed4        0x4 /Users/charlie/sdk/vexv5/libv5rt.a(vex_competition.cpp.obj)
                0x0000000003801ed4                vex::competition::_autonomous_callback
 .bss._ZN3vex11competition25bStopAllTasksBetweenModesE
                0x0000000003801ed8        0x1 /Users/charlie/sdk/vexv5/libv5rt.a(vex_competition.cpp.obj)
                0x0000000003801ed8                vex::competition::bStopAllTasksBetweenModes
 .bss._ZStL8__ioinit
                0x0000000003801ed9        0x1 /Users/charlie/sdk/vexv5/libv5rt.a(vex_triport.cpp.obj)
 *fill*         0x0000000003801eda        0x2 
 .bss._ZN3vex5color6orangeE
                0x0000000003801edc        0x8 /Users/charlie/sdk/vexv5/libv5rt.a(vex_color.cpp.obj)
                0x0000000003801edc                vex::color::orange
 .bss._ZN3vex5color5blackE
                0x0000000003801ee4        0x8 /Users/charlie/sdk/vexv5/libv5rt.a(vex_color.cpp.obj)
                0x0000000003801ee4                vex::color::black
 .bss._ZN3vex5color6yellowE
                0x0000000003801eec        0x8 /Users/charlie/sdk/vexv5/libv5rt.a(vex_color.cpp.obj)
                0x0000000003801eec                vex::color::yellow
 .bss._ZN3vex5color5greenE
                0x0000000003801ef4        0x8 /Users/charlie/sdk/vexv5/libv5rt.a(vex_color.cpp.obj)
                0x0000000003801ef4                vex::color::green
 .bss._ZN3vex5color6purpleE
                0x0000000003801efc        0x8 /Users/charlie/sdk/vexv5/libv5rt.a(vex_color.cpp.obj)
                0x0000000003801efc                vex::color::purple
 .bss._ZN3vex5color4cyanE
                0x0000000003801f04        0x8 /Users/charlie/sdk/vexv5/libv5rt.a(vex_color.cpp.obj)
                0x0000000003801f04                vex::color::cyan
 .bss._ZN3vex5color4blueE
                0x0000000003801f0c        0x8 /Users/charlie/sdk/vexv5/libv5rt.a(vex_color.cpp.obj)
                0x0000000003801f0c                vex::color::blue
 .bss._ZN3vex5color3redE
                0x0000000003801f14        0x8 /Users/charlie/sdk/vexv5/libv5rt.a(vex_color.cpp.obj)
                0x0000000003801f14                vex::color::red
 .bss._ZN3vex5color11transparentE
                0x0000000003801f1c        0x8 /Users/charlie/sdk/vexv5/libv5rt.a(vex_color.cpp.obj)
                0x0000000003801f1c                vex::color::transparent
 .bss._ZN3vex5color5whiteE
                0x0000000003801f24        0x8 /Users/charlie/sdk/vexv5/libv5rt.a(vex_color.cpp.obj)
                0x0000000003801f24                vex::color::white
 .bss._ZN3vex4task8_labelIdE
                0x0000000003801f2c        0x4 /Users/charlie/sdk/vexv5/libv5rt.a(vex_task.cpp.obj)
                0x0000000003801f2c                vex::task::_labelId
 *(.gnu.linkonce.b.*)
 *(COMMON)
 COMMON         0x0000000003801f30        0x1 /Users/charlie/sdk/vexv5/libv5rt.a(v5_startup.c.obj)
                0x0000000003801f30                __vex_critical_section
                0x0000000003801f31                __bss_end = .
                0x0000000003801be4                _SDA_BASE_ = (__sdata_start + ((__sbss_end - __sdata_start) / 0x2))
                0x0000000003801796                _SDA2_BASE_ = (__sdata2_start + ((__sbss2_end - __sdata2_start) / 0x2))

.heap           0x0000000003801f31   0x10000f
                0x0000000003801f40                . = ALIGN (0x10)
 *fill*         0x0000000003801f31        0xf 
                0x0000000003801f40                _heap = .
                0x0000000003801f40                HeapBase = .
                0x0000000003801f40                _heap_start = .
                0x0000000003901f40                . = (. + _HEAP_SIZE)
 *fill*         0x0000000003801f40   0x100000 
                0x0000000003901f40                _heap_end = .
                0x0000000003901f40                HeapLimit = .

.stack          0x0000000003901f40     0x3800
                0x0000000003901f40                . = ALIGN (0x10)
                0x0000000003901f40                _stack_end = .
                0x0000000003903f40                . = (. + _STACK_SIZE)
 *fill*         0x0000000003901f40     0x2000 
                0x0000000003903f40                . = ALIGN (0x10)
                0x0000000003903f40                _stack = .
                0x0000000003903f40                __stack = _stack
                0x0000000003903f40                . = ALIGN (0x10)
                0x0000000003903f40                _irq_stack_end = .
                0x0000000003904340                . = (. + _IRQ_STACK_SIZE)
 *fill*         0x0000000003903f40      0x400 
                0x0000000003904340                . = ALIGN (0x10)
                0x0000000003904340                __irq_stack = .
                0x0000000003904340                _supervisor_stack_end = .
                0x0000000003904b40                . = (. + _SUPERVISOR_STACK_SIZE)
 *fill*         0x0000000003904340      0x800 
                0x0000000003904b40                . = ALIGN (0x10)
                0x0000000003904b40                __supervisor_stack = .
                0x0000000003904b40                _abort_stack_end = .
                0x0000000003904f40                . = (. + _ABORT_STACK_SIZE)
 *fill*         0x0000000003904b40      0x400 
                0x0000000003904f40                . = ALIGN (0x10)
                0x0000000003904f40                __abort_stack = .
                0x0000000003904f40                _fiq_stack_end = .
                0x0000000003905340                . = (. + _FIQ_STACK_SIZE)
 *fill*         0x0000000003904f40      0x400 
                0x0000000003905340                . = ALIGN (0x10)
                0x0000000003905340                __fiq_stack = .
                0x0000000003905340                _undef_stack_end = .
                0x0000000003905740                . = (. + _UNDEF_STACK_SIZE)
 *fill*         0x0000000003905340      0x400 
                0x0000000003905740                . = ALIGN (0x10)
                0x0000000003905740                __undef_stack = .
                0x0000000003905740                _end = .
LOAD /Users/charlie/sdk/vexv5/stdlib_0.lib
LOAD build/src/main.o
LOAD build/src/robot-config.o
START GROUP
LOAD /Users/charlie/sdk/vexv5/libv5rt.a
LOAD /Users/charlie/sdk/vexv5/gcc/libs/libstdc++.a
LOAD /Users/charlie/sdk/vexv5/gcc/libs/libc.a
LOAD /Users/charlie/sdk/vexv5/gcc/libs/libm.a
LOAD /Users/charlie/sdk/vexv5/gcc/libs/libgcc.a
END GROUP
OUTPUT(build/Caldwell_2020.elf elf32-littlearm)

.comment        0x0000000000000000       0x9c
 .comment       0x0000000000000000       0x2c build/src/main.o
                                         0x2d (size before relaxing)
 .comment       0x000000000000002c       0x2d build/src/robot-config.o
 .comment       0x000000000000002c       0x70 /Users/charlie/sdk/vexv5/libv5rt.a(v5_startup.c.obj)
                                         0x71 (size before relaxing)
 .comment       0x000000000000009c       0x71 /Users/charlie/sdk/vexv5/libv5rt.a(v5_util.c.obj)
 .comment       0x000000000000009c       0x71 /Users/charlie/sdk/vexv5/libv5rt.a(v5_apijump.c.obj)
 .comment       0x000000000000009c       0x71 /Users/charlie/sdk/vexv5/libv5rt.a(v5_apiversions.c.obj)
 .comment       0x000000000000009c       0x71 /Users/charlie/sdk/vexv5/libv5rt.a(vex_global.cpp.obj)
 .comment       0x000000000000009c       0x71 /Users/charlie/sdk/vexv5/libv5rt.a(vex_thread.cpp.obj)
 .comment       0x000000000000009c       0x71 /Users/charlie/sdk/vexv5/libv5rt.a(vex_brain.cpp.obj)
 .comment       0x000000000000009c       0x71 /Users/charlie/sdk/vexv5/libv5rt.a(vex_competition.cpp.obj)
 .comment       0x000000000000009c       0x71 /Users/charlie/sdk/vexv5/libv5rt.a(vex_triport.cpp.obj)
 .comment       0x000000000000009c       0x71 /Users/charlie/sdk/vexv5/libv5rt.a(vex_color.cpp.obj)
 .comment       0x000000000000009c       0x71 /Users/charlie/sdk/vexv5/libv5rt.a(vex_timer.cpp.obj)
 .comment       0x000000000000009c       0x71 /Users/charlie/sdk/vexv5/libv5rt.a(v5_apiuser.c.obj)
 .comment       0x000000000000009c       0x71 /Users/charlie/sdk/vexv5/libv5rt.a(vex_device.cpp.obj)
 .comment       0x000000000000009c       0x71 /Users/charlie/sdk/vexv5/libv5rt.a(vex_task.cpp.obj)
 .comment       0x000000000000009c       0x71 /Users/charlie/sdk/vexv5/libv5rt.a(vex_event.cpp.obj)
 .comment       0x000000000000009c       0x71 /Users/charlie/sdk/vexv5/libv5rt.a(vex_mevent.cpp.obj)

.note.GNU-stack
                0x0000000000000000        0x0
 .note.GNU-stack
                0x0000000000000000        0x0 build/src/main.o
 .note.GNU-stack
                0x0000000000000000        0x0 build/src/robot-config.o

.debug_frame    0x0000000000000000       0x60
 .debug_frame   0x0000000000000000       0x34 /Users/charlie/sdk/vexv5/gcc/libs/libc.a(lib_a-fini.o)
 .debug_frame   0x0000000000000034       0x2c /Users/charlie/sdk/vexv5/gcc/libs/libc.a(lib_a-init.o)
