Archive member included to satisfy reference by file (symbol)

/Applications/VEXcode V5 Text.app/Contents/Resources/sdk/vexv5/libv5rt.a(v5_startup.c.obj)
                              (vexStartup)
/Applications/VEXcode V5 Text.app/Contents/Resources/sdk/vexv5/libv5rt.a(v5_util.c.obj)
                              /Applications/VEXcode V5 Text.app/Contents/Resources/sdk/vexv5/libv5rt.a(v5_startup.c.obj) (vexStdlibVersionLinked)
/Applications/VEXcode V5 Text.app/Contents/Resources/sdk/vexv5/libv5rt.a(v5_apijump.c.obj)
                              /Applications/VEXcode V5 Text.app/Contents/Resources/sdk/vexv5/libv5rt.a(v5_startup.c.obj) (vexPrivateApiEnable)
/Applications/VEXcode V5 Text.app/Contents/Resources/sdk/vexv5/libv5rt.a(v5_apiversions.c.obj)
                              /Applications/VEXcode V5 Text.app/Contents/Resources/sdk/vexv5/libv5rt.a(v5_apijump.c.obj) (vexSystemVersion)
/Applications/VEXcode V5 Text.app/Contents/Resources/sdk/vexv5/libv5rt.a(vex_global.cpp.obj)
                              build/src/main.o (vex::wait(double, vex::timeUnits))
/Applications/VEXcode V5 Text.app/Contents/Resources/sdk/vexv5/libv5rt.a(vex_motor.cpp.obj)
                              build/src/robot-config.o (vex::motor::~motor())
/Applications/VEXcode V5 Text.app/Contents/Resources/sdk/vexv5/libv5rt.a(vex_vision.cpp.obj)
                              build/src/vision-sensor.o (vex::vision::~vision())
/Applications/VEXcode V5 Text.app/Contents/Resources/sdk/vexv5/libv5rt.a(vex_controller.cpp.obj)
                              build/src/robot-config.o (vex::controller::~controller())
/Applications/VEXcode V5 Text.app/Contents/Resources/sdk/vexv5/libv5rt.a(vex_task.cpp.obj)
                              build/src/odom.o (vex::task::task())
/Applications/VEXcode V5 Text.app/Contents/Resources/sdk/vexv5/libv5rt.a(vex_thread.cpp.obj)
                              /Applications/VEXcode V5 Text.app/Contents/Resources/sdk/vexv5/libv5rt.a(vex_global.cpp.obj) (vex::this_thread::sleep_for(unsigned long))
/Applications/VEXcode V5 Text.app/Contents/Resources/sdk/vexv5/libv5rt.a(vex_event.cpp.obj)
                              /Applications/VEXcode V5 Text.app/Contents/Resources/sdk/vexv5/libv5rt.a(vex_controller.cpp.obj) (vex::event::init(unsigned long, unsigned long, void (*)()))
/Applications/VEXcode V5 Text.app/Contents/Resources/sdk/vexv5/libv5rt.a(vex_mevent.cpp.obj)
                              /Applications/VEXcode V5 Text.app/Contents/Resources/sdk/vexv5/libv5rt.a(vex_controller.cpp.obj) (vex::mevent::mevent(unsigned long, unsigned long))
/Applications/VEXcode V5 Text.app/Contents/Resources/sdk/vexv5/libv5rt.a(vex_brain.cpp.obj)
                              build/src/robot-config.o (vex::brain::~brain())
/Applications/VEXcode V5 Text.app/Contents/Resources/sdk/vexv5/libv5rt.a(vex_competition.cpp.obj)
                              build/src/main.o (vex::competition::competition())
/Applications/VEXcode V5 Text.app/Contents/Resources/sdk/vexv5/libv5rt.a(vex_triport.cpp.obj)
                              /Applications/VEXcode V5 Text.app/Contents/Resources/sdk/vexv5/libv5rt.a(vex_brain.cpp.obj) (vex::triport::~triport())
/Applications/VEXcode V5 Text.app/Contents/Resources/sdk/vexv5/libv5rt.a(vex_color.cpp.obj)
                              /Applications/VEXcode V5 Text.app/Contents/Resources/sdk/vexv5/libv5rt.a(vex_brain.cpp.obj) (vex::color::operator unsigned long() const)
/Applications/VEXcode V5 Text.app/Contents/Resources/sdk/vexv5/libv5rt.a(vex_timer.cpp.obj)
                              /Applications/VEXcode V5 Text.app/Contents/Resources/sdk/vexv5/libv5rt.a(vex_brain.cpp.obj) (vex::timer::~timer())
/Applications/VEXcode V5 Text.app/Contents/Resources/sdk/vexv5/libv5rt.a(v5_apiuser.c.obj)
                              /Applications/VEXcode V5 Text.app/Contents/Resources/sdk/vexv5/libv5rt.a(vex_triport.cpp.obj) (vexAdiPortConfigSet)
/Applications/VEXcode V5 Text.app/Contents/Resources/sdk/vexv5/libv5rt.a(vex_device.cpp.obj)
                              /Applications/VEXcode V5 Text.app/Contents/Resources/sdk/vexv5/libv5rt.a(vex_triport.cpp.obj) (vex::device::value())
/Applications/VEXcode V5 Text.app/Contents/Resources/sdk/vexv5/gcc/libs/libc.a(lib_a-fini.o)
                              /Applications/VEXcode V5 Text.app/Contents/Resources/sdk/vexv5/libv5rt.a(v5_startup.c.obj) (__libc_fini_array)
/Applications/VEXcode V5 Text.app/Contents/Resources/sdk/vexv5/gcc/libs/libc.a(lib_a-impure.o)
                              /Applications/VEXcode V5 Text.app/Contents/Resources/sdk/vexv5/libv5rt.a(v5_startup.c.obj) (_impure_ptr)
/Applications/VEXcode V5 Text.app/Contents/Resources/sdk/vexv5/gcc/libs/libc.a(lib_a-init.o)
                              /Applications/VEXcode V5 Text.app/Contents/Resources/sdk/vexv5/libv5rt.a(v5_startup.c.obj) (__libc_init_array)
/Applications/VEXcode V5 Text.app/Contents/Resources/sdk/vexv5/gcc/libs/libc.a(lib_a-tolower.o)
[...]
Memory Configuration

Name             Origin             Length             Attributes
ps7_ddr_0_S_AXI_BASEADDR 0x0000000003800000 0x0000000004800000
*default*        0x0000000000000000 0xffffffffffffffff

Linker script and memory map

                0x0000000000002000                _STACK_SIZE = DEFINED (_STACK_SIZE)?_STACK_SIZE:0x2000
                0x0000000000100000                _HEAP_SIZE = DEFINED (_HEAP_SIZE)?_HEAP_SIZE:0x100000
                0x0000000000000400                _ABORT_STACK_SIZE = DEFINED (_ABORT_STACK_SIZE)?_ABORT_STACK_SIZE:0x400
                0x0000000000000800                _SUPERVISOR_STACK_SIZE = DEFINED (_SUPERVISOR_STACK_SIZE)?_SUPERVISOR_STACK_SIZE:0x800
                0x0000000000000400                _IRQ_STACK_SIZE = DEFINED (_IRQ_STACK_SIZE)?_IRQ_STACK_SIZE:0x400
                0x0000000000000400                _FIQ_STACK_SIZE = DEFINED (_FIQ_STACK_SIZE)?_FIQ_STACK_SIZE:0x400
                0x0000000000000400                _UNDEF_STACK_SIZE = DEFINED (_UNDEF_STACK_SIZE)?_UNDEF_STACK_SIZE:0x400

.text           0x0000000003800000     0x4788
 *(.vectors)
 *(.boot_data)
 .boot_data     0x0000000003800000       0x20 /Applications/VEXcode V5 Text.app/Contents/Resources/sdk/vexv5/libv5rt.a(v5_startup.c.obj)
                0x0000000003800000                vexCodeSig
                0x0000000000000020                . = 0x20
 *(.boot)
 .boot          0x0000000003800020       0xbc /Applications/VEXcode V5 Text.app/Contents/Resources/sdk/vexv5/libv5rt.a(v5_startup.c.obj)
                0x0000000003800020                vexStartup
                0x0000000003800100                . = ALIGN (0x40)
 *fill*         0x00000000038000dc       0x24 
 *(.freertos_vectors)
 *(.text)
 *(.text.*)
 .text._Z4Testv
                0x0000000003800100      0x5d8 build/src/auton.o
                0x0000000003800100                Test()
 .text._Z10autonomousv
                0x00000000038006d8        0x4 build/src/auton.o
                0x00000000038006d8                autonomous()
 *fill*         0x00000000038006dc        0x4 
 .text.main     0x00000000038006e0       0x68 build/src/main.o
                0x00000000038006e0                main
 .text._GLOBAL__sub_I_main.cpp
                0x0000000003800748       0x34 build/src/main.o
 .text._Z16setDriveVelocityffff
                0x000000000380077c       0xa4 build/src/odom.o
                0x000000000380077c                setDriveVelocity(float, float, float, float)
 .text._Z9driveHoldv
                0x0000000003800820       0x4c build/src/odom.o
                0x0000000003800820                driveHold()
 .text._Z14updateEncodersv
                0x000000000380086c      0x11c build/src/odom.o
                0x000000000380086c                updateEncoders()
 .text._Z14updatePositionv
                0x0000000003800988      0x2f8 build/src/odom.o
                0x0000000003800988                updatePosition()
 .text._Z13positionTrackv
                0x0000000003800c80      0x18c build/src/odom.o
                0x0000000003800c80                positionTrack()
 .text._Z10driveResetfff
                0x0000000003800e0c      0x108 build/src/odom.o
                0x0000000003800e0c                driveReset(float, float, float)
 .text._Z9turnSlidefffbfffffffff
                0x0000000003800f14      0x664 build/src/odom.o
                0x0000000003800f14                turnSlide(float, float, float, bool, float, float, float, float, float, float, float, float, float)
 .text._GLOBAL__sub_I_odom.cpp
                0x0000000003801578       0x34 build/src/odom.o
 .text._Z9pre_autonv
                0x00000000038015ac        0x4 build/src/preauton.o
                0x00000000038015ac                pre_auton()
 .text._Z11vexcodeInitv
                0x00000000038015b0        0x4 build/src/robot-config.o
                0x00000000038015b0                vexcodeInit()
 .text._GLOBAL__sub_I_robot_config.cpp
                0x00000000038015b4      0x2ec build/src/robot-config.o
 .text._Z11usercontrolv
                0x00000000038018a0      0x288 build/src/usercontrol.o
                0x00000000038018a0                usercontrol()
 .text._ZN3vex6visionC2IJNS0_9signatureES2_S2_S2_S2_S2_S2_EEElhDpRT_
                0x0000000003801b28       0x64 build/src/vision-sensor.o
                0x0000000003801b28                vex::vision::vision<vex::vision::signature, vex::vision::signature, vex::vision::signature, vex::vision::signature, vex::vision::signature, vex::vision::signature, vex::vision::signature>(long, unsigned char, vex::vision::signature&, vex::vision::signature&, vex::vision::signature&, vex::vision::signature&, vex::vision::signature&, vex::vision::signature&, vex::vision::signature&)
 .text._ZN3vex6vision7_setsigINS0_9signatureEJS2_S2_S2_S2_EEEvRT_DpRT0_
                0x0000000003801b8c       0x4c build/src/vision-sensor.o
                0x0000000003801b8c                void vex::vision::_setsig<vex::vision::signature, vex::vision::signature, vex::vision::signature, vex::vision::signature, vex::vision::signature>(vex::vision::signature&, vex::vision::signature&, vex::vision::signature&, vex::vision::signature&, vex::vision::signature&)
 .text._GLOBAL__sub_I_vision_sensor.cpp
                0x0000000003801bd8      0x270 build/src/vision-sensor.o
 .text.vexMain  0x0000000003801e48       0xb0 /Applications/VEXcode V5 Text.app/Contents/Resources/sdk/vexv5/libv5rt.a(v5_startup.c.obj)
                0x0000000003801e48                vexMain
 .text.__vex_function_prolog
                0x0000000003801ef8       0x18 /Applications/VEXcode V5 Text.app/Contents/Resources/sdk/vexv5/libv5rt.a(v5_startup.c.obj)
                0x0000000003801ef8                __vex_function_prolog
 .text._init    0x0000000003801f10        0x4 /Applications/VEXcode V5 Text.app/Contents/Resources/sdk/vexv5/libv5rt.a(v5_startup.c.obj)
                0x0000000003801f10                _init
 .text._fini    0x0000000003801f14        0x4 /Applications/VEXcode V5 Text.app/Contents/Resources/sdk/vexv5/libv5rt.a(v5_startup.c.obj)
                0x0000000003801f14                _fini
 .text.vexStdlibVersionLinked
                0x0000000003801f18        0xc /Applications/VEXcode V5 Text.app/Contents/Resources/sdk/vexv5/libv5rt.a(v5_util.c.obj)
                0x0000000003801f18                vexStdlibVersionLinked
 .text.vexStdlibVersionVerify
                0x0000000003801f24       0x30 /Applications/VEXcode V5 Text.app/Contents/Resources/sdk/vexv5/libv5rt.a(v5_util.c.obj)
                0x0000000003801f24                vexStdlibVersionVerify
 .text.vexPrivateApiEnable
                0x0000000003801f54       0x10 /Applications/VEXcode V5 Text.app/Contents/Resources/sdk/vexv5/libv5rt.a(v5_apijump.c.obj)
                0x0000000003801f54                vexPrivateApiEnable
 .text.vexStdlibMismatchError
                0x0000000003801f64       0x3c /Applications/VEXcode V5 Text.app/Contents/Resources/sdk/vexv5/libv5rt.a(v5_apijump.c.obj)
                0x0000000003801f64                vexStdlibMismatchError
 .text.vexTaskAdd
                0x0000000003801fa0       0x10 /Applications/VEXcode V5 Text.app/Contents/Resources/sdk/vexv5/libv5rt.a(v5_apijump.c.obj)
                0x0000000003801fa0                vexTaskAdd
 .text.vexTaskStop
                0x0000000003801fb0       0x10 /Applications/VEXcode V5 Text.app/Contents/Resources/sdk/vexv5/libv5rt.a(v5_apijump.c.obj)
                0x0000000003801fb0                vexTaskStop
 .text.vexTasksRun
                0x0000000003801fc0       0x10 /Applications/VEXcode V5 Text.app/Contents/Resources/sdk/vexv5/libv5rt.a(v5_apijump.c.obj)
                0x0000000003801fc0                vexTasksRun
 .text.vexTaskYield
                0x0000000003801fd0       0x10 /Applications/VEXcode V5 Text.app/Contents/Resources/sdk/vexv5/libv5rt.a(v5_apijump.c.obj)
                0x0000000003801fd0                vexTaskYield
 .text.vexTaskCheckTimeslice
                0x0000000003801fe0       0x10 /Applications/VEXcode V5 Text.app/Contents/Resources/sdk/vexv5/libv5rt.a(v5_apijump.c.obj)
                0x0000000003801fe0                vexTaskCheckTimeslice
 .text.vexTaskGetIndex
                0x0000000003801ff0       0x10 /Applications/VEXcode V5 Text.app/Contents/Resources/sdk/vexv5/libv5rt.a(v5_apijump.c.obj)
                0x0000000003801ff0                vexTaskGetIndex
 .text.vexTaskSleep
                0x0000000003802000       0x10 /Applications/VEXcode V5 Text.app/Contents/Resources/sdk/vexv5/libv5rt.a(v5_apijump.c.obj)
                0x0000000003802000                vexTaskSleep
 .text.vexTasksDump
                0x0000000003802010       0x1c /Applications/VEXcode V5 Text.app/Contents/Resources/sdk/vexv5/libv5rt.a(v5_apijump.c.obj)
                0x0000000003802010                vexTasksDump
 .text.vexTaskGetCallback
                0x000000000380202c       0x10 /Applications/VEXcode V5 Text.app/Contents/Resources/sdk/vexv5/libv5rt.a(v5_apijump.c.obj)
                0x000000000380202c                vexTaskGetCallback
 .text.vexTaskGetTaskIndex
                0x000000000380203c       0x10 /Applications/VEXcode V5 Text.app/Contents/Resources/sdk/vexv5/libv5rt.a(v5_apijump.c.obj)
                0x000000000380203c                vexTaskGetTaskIndex
 .text.vexTaskStopAll
                0x000000000380204c       0x10 /Applications/VEXcode V5 Text.app/Contents/Resources/sdk/vexv5/libv5rt.a(v5_apijump.c.obj)
                0x000000000380204c                vexTaskStopAll
 .text.vexTaskRemoveAllUser
                0x000000000380205c       0x34 /Applications/VEXcode V5 Text.app/Contents/Resources/sdk/vexv5/libv5rt.a(v5_apijump.c.obj)
                0x000000000380205c                vexTaskRemoveAllUser
 .text.vexTaskCompletionIdSet
                0x0000000003802090       0x10 /Applications/VEXcode V5 Text.app/Contents/Resources/sdk/vexv5/libv5rt.a(v5_apijump.c.obj)
                0x0000000003802090                vexTaskCompletionIdSet
 .text.vexEventAdd
                0x00000000038020a0       0x34 /Applications/VEXcode V5 Text.app/Contents/Resources/sdk/vexv5/libv5rt.a(v5_apijump.c.obj)
                0x00000000038020a0                vexEventAdd
 .text.vexEventUserIndexGet
                0x00000000038020d4       0x1c /Applications/VEXcode V5 Text.app/Contents/Resources/sdk/vexv5/libv5rt.a(v5_apijump.c.obj)
                0x00000000038020d4                vexEventUserIndexGet
 .text.vexEventAddWithArg
                0x00000000038020f0       0x3c /Applications/VEXcode V5 Text.app/Contents/Resources/sdk/vexv5/libv5rt.a(v5_apijump.c.obj)
                0x00000000038020f0                vexEventAddWithArg
 .text.vexEventsCleanup
                0x000000000380212c       0x2c /Applications/VEXcode V5 Text.app/Contents/Resources/sdk/vexv5/libv5rt.a(v5_apijump.c.obj)
                0x000000000380212c                vexEventsCleanup
 .text.vexDebug
                0x0000000003802158       0x38 /Applications/VEXcode V5 Text.app/Contents/Resources/sdk/vexv5/libv5rt.a(v5_apijump.c.obj)
                0x0000000003802158                vexDebug
 .text.vex_sprintf
                0x0000000003802190       0x40 /Applications/VEXcode V5 Text.app/Contents/Resources/sdk/vexv5/libv5rt.a(v5_apijump.c.obj)
                0x0000000003802190                vex_sprintf
 .text.vex_vsnprintf
                0x00000000038021d0       0x3c /Applications/VEXcode V5 Text.app/Contents/Resources/sdk/vexv5/libv5rt.a(v5_apijump.c.obj)
                0x00000000038021d0                vex_vsnprintf
 .text.vexSystemTimeGet
                0x000000000380220c       0x1c /Applications/VEXcode V5 Text.app/Contents/Resources/sdk/vexv5/libv5rt.a(v5_apijump.c.obj)
                0x000000000380220c                vexSystemTimeGet
 .text.vexSystemExitRequest
                0x0000000003802228       0x1c /Applications/VEXcode V5 Text.app/Contents/Resources/sdk/vexv5/libv5rt.a(v5_apijump.c.obj)
                0x0000000003802228                vexSystemExitRequest
 .text.vexDeviceGetByIndex
                0x0000000003802244       0x24 /Applications/VEXcode V5 Text.app/Contents/Resources/sdk/vexv5/libv5rt.a(v5_apijump.c.obj)
                0x0000000003802244                vexDeviceGetByIndex
 .text.vexControllerGet
                0x0000000003802268       0x2c /Applications/VEXcode V5 Text.app/Contents/Resources/sdk/vexv5/libv5rt.a(v5_apijump.c.obj)
                0x0000000003802268                vexControllerGet
 .text.vexDeviceAdiPortConfigSet
                0x0000000003802294       0x34 /Applications/VEXcode V5 Text.app/Contents/Resources/sdk/vexv5/libv5rt.a(v5_apijump.c.obj)
                0x0000000003802294                vexDeviceAdiPortConfigSet
 .text.vexDeviceAdiPortConfigGet
                0x00000000038022c8       0x2c /Applications/VEXcode V5 Text.app/Contents/Resources/sdk/vexv5/libv5rt.a(v5_apijump.c.obj)
                0x00000000038022c8                vexDeviceAdiPortConfigGet
 .text.vexDeviceAdiValueSet
                0x00000000038022f4       0x34 /Applications/VEXcode V5 Text.app/Contents/Resources/sdk/vexv5/libv5rt.a(v5_apijump.c.obj)
                0x00000000038022f4                vexDeviceAdiValueSet
 .text.vexDeviceAdiValueGet
                0x0000000003802328       0x2c /Applications/VEXcode V5 Text.app/Contents/Resources/sdk/vexv5/libv5rt.a(v5_apijump.c.obj)
                0x0000000003802328                vexDeviceAdiValueGet
 .text.vexDeviceMotorVelocitySet
                0x0000000003802354       0x2c /Applications/VEXcode V5 Text.app/Contents/Resources/sdk/vexv5/libv5rt.a(v5_apijump.c.obj)
                0x0000000003802354                vexDeviceMotorVelocitySet
 .text.vexDeviceMotorActualVelocityGet
                0x0000000003802380       0x24 /Applications/VEXcode V5 Text.app/Contents/Resources/sdk/vexv5/libv5rt.a(v5_apijump.c.obj)
                0x0000000003802380                vexDeviceMotorActualVelocityGet
 .text.vexDeviceMotorReverseFlagSet
                0x00000000038023a4       0x2c /Applications/VEXcode V5 Text.app/Contents/Resources/sdk/vexv5/libv5rt.a(v5_apijump.c.obj)
                0x00000000038023a4                vexDeviceMotorReverseFlagSet
 .text.vexDeviceMotorBrakeModeSet
                0x00000000038023d0       0x2c /Applications/VEXcode V5 Text.app/Contents/Resources/sdk/vexv5/libv5rt.a(v5_apijump.c.obj)
                0x00000000038023d0                vexDeviceMotorBrakeModeSet
 .text.vexDeviceMotorPositionSet
                0x00000000038023fc       0x34 /Applications/VEXcode V5 Text.app/Contents/Resources/sdk/vexv5/libv5rt.a(v5_apijump.c.obj)
                0x00000000038023fc                vexDeviceMotorPositionSet
 .text.vexDeviceMotorGearingSet
                0x0000000003802430       0x2c /Applications/VEXcode V5 Text.app/Contents/Resources/sdk/vexv5/libv5rt.a(v5_apijump.c.obj)
                0x0000000003802430                vexDeviceMotorGearingSet
 .text.vexDeviceMotorGearingGet
                0x000000000380245c       0x24 /Applications/VEXcode V5 Text.app/Contents/Resources/sdk/vexv5/libv5rt.a(v5_apijump.c.obj)
                0x000000000380245c                vexDeviceMotorGearingGet
 .text.vexDeviceVisionModeSet
                0x0000000003802480       0x2c /Applications/VEXcode V5 Text.app/Contents/Resources/sdk/vexv5/libv5rt.a(v5_apijump.c.obj)
                0x0000000003802480                vexDeviceVisionModeSet
 .text.vexDeviceVisionObjectCountGet
                0x00000000038024ac       0x24 /Applications/VEXcode V5 Text.app/Contents/Resources/sdk/vexv5/libv5rt.a(v5_apijump.c.obj)
                0x00000000038024ac                vexDeviceVisionObjectCountGet
 .text.vexDeviceVisionObjectGet
                0x00000000038024d0       0x34 /Applications/VEXcode V5 Text.app/Contents/Resources/sdk/vexv5/libv5rt.a(v5_apijump.c.obj)
                0x00000000038024d0                vexDeviceVisionObjectGet
 .text.vexDeviceVisionSignatureSet
                0x0000000003802504       0x2c /Applications/VEXcode V5 Text.app/Contents/Resources/sdk/vexv5/libv5rt.a(v5_apijump.c.obj)
                0x0000000003802504                vexDeviceVisionSignatureSet
 .text.vexDeviceVisionBrightnessSet
                0x0000000003802530       0x2c /Applications/VEXcode V5 Text.app/Contents/Resources/sdk/vexv5/libv5rt.a(v5_apijump.c.obj)
                0x0000000003802530                vexDeviceVisionBrightnessSet
 .text.vexDeviceVisionLedModeSet
                0x000000000380255c       0x2c /Applications/VEXcode V5 Text.app/Contents/Resources/sdk/vexv5/libv5rt.a(v5_apijump.c.obj)
                0x000000000380255c                vexDeviceVisionLedModeSet
 .text.vexDeviceVisionLedColorSet
                0x0000000003802588       0x30 /Applications/VEXcode V5 Text.app/Contents/Resources/sdk/vexv5/libv5rt.a(v5_apijump.c.obj)
                0x0000000003802588                vexDeviceVisionLedColorSet
 .text.vexDisplayForegroundColor
                0x00000000038025b8       0x24 /Applications/VEXcode V5 Text.app/Contents/Resources/sdk/vexv5/libv5rt.a(v5_apijump.c.obj)
                0x00000000038025b8                vexDisplayForegroundColor
 .text.vexDisplayBackgroundColor
                0x00000000038025dc       0x24 /Applications/VEXcode V5 Text.app/Contents/Resources/sdk/vexv5/libv5rt.a(v5_apijump.c.obj)
                0x00000000038025dc                vexDisplayBackgroundColor
 .text.vexDisplayPrintf
                0x0000000003802600       0x68 /Applications/VEXcode V5 Text.app/Contents/Resources/sdk/vexv5/libv5rt.a(v5_apijump.c.obj)
                0x0000000003802600                vexDisplayPrintf
 .text.vexDisplayTextReference
                0x0000000003802668       0x24 /Applications/VEXcode V5 Text.app/Contents/Resources/sdk/vexv5/libv5rt.a(v5_apijump.c.obj)
                0x0000000003802668                vexDisplayTextReference
 .text.vexDisplayTextSize
                0x000000000380268c       0x2c /Applications/VEXcode V5 Text.app/Contents/Resources/sdk/vexv5/libv5rt.a(v5_apijump.c.obj)
                0x000000000380268c                vexDisplayTextSize
 .text.vexDisplayFontNamedSet
                0x00000000038026b8       0x24 /Applications/VEXcode V5 Text.app/Contents/Resources/sdk/vexv5/libv5rt.a(v5_apijump.c.obj)
                0x00000000038026b8                vexDisplayFontNamedSet
 .text.vexSystemStdlibImpureDataAddr
                0x00000000038026dc       0x28 /Applications/VEXcode V5 Text.app/Contents/Resources/sdk/vexv5/libv5rt.a(v5_apijump.c.obj)
                0x00000000038026dc                vexSystemStdlibImpureDataAddr
 .text.vexSystemStdlibImpureDataSize
                0x0000000003802704       0x28 /Applications/VEXcode V5 Text.app/Contents/Resources/sdk/vexv5/libv5rt.a(v5_apijump.c.obj)
                0x0000000003802704                vexSystemStdlibImpureDataSize
 .text.vexSystemSaveUserData
                0x000000000380272c       0x3c /Applications/VEXcode V5 Text.app/Contents/Resources/sdk/vexv5/libv5rt.a(v5_apijump.c.obj)
                0x000000000380272c                vexSystemSaveUserData
 .text.vexDisplayThemeIdGet
                0x0000000003802768       0x38 /Applications/VEXcode V5 Text.app/Contents/Resources/sdk/vexv5/libv5rt.a(v5_apijump.c.obj)
                0x0000000003802768                vexDisplayThemeIdGet
 .text.vexDeviceEventMaskSet
                0x00000000038027a0       0x48 /Applications/VEXcode V5 Text.app/Contents/Resources/sdk/vexv5/libv5rt.a(v5_apijump.c.obj)
                0x00000000038027a0                vexDeviceEventMaskSet
 .text.vexDeviceEventMaskGet
                0x00000000038027e8       0x3c /Applications/VEXcode V5 Text.app/Contents/Resources/sdk/vexv5/libv5rt.a(v5_apijump.c.obj)
                0x00000000038027e8                vexDeviceEventMaskGet
 .text.vexSystemVersion
                0x0000000003802824       0x10 /Applications/VEXcode V5 Text.app/Contents/Resources/sdk/vexv5/libv5rt.a(v5_apiversions.c.obj)
                0x0000000003802824                vexSystemVersion
 .text.vexStdlibVersion
                0x0000000003802834       0x10 /Applications/VEXcode V5 Text.app/Contents/Resources/sdk/vexv5/libv5rt.a(v5_apiversions.c.obj)
                0x0000000003802834                vexStdlibVersion
 *fill*         0x0000000003802844        0x4 
 .text._ZN3vex4waitEdNS_9timeUnitsE
                0x0000000003802848       0x30 /Applications/VEXcode V5 Text.app/Contents/Resources/sdk/vexv5/libv5rt.a(vex_global.cpp.obj)
                0x0000000003802848                vex::wait(double, vex::timeUnits)
 .text._ZN3vex5motor9installedEv
                0x0000000003802878       0x18 /Applications/VEXcode V5 Text.app/Contents/Resources/sdk/vexv5/libv5rt.a(vex_motor.cpp.obj)
                0x0000000003802878                vex::motor::installed()
 .text._ZN3vex5motorD2Ev
                0x0000000003802890       0x20 /Applications/VEXcode V5 Text.app/Contents/Resources/sdk/vexv5/libv5rt.a(vex_motor.cpp.obj)
                0x0000000003802890                vex::motor::~motor()
                0x0000000003802890                vex::motor::~motor()
 .text._ZN3vex5motor15defaultStoppingENS_9brakeTypeE
                0x00000000038028b0       0x30 /Applications/VEXcode V5 Text.app/Contents/Resources/sdk/vexv5/libv5rt.a(vex_motor.cpp.obj)
                0x00000000038028b0                vex::motor::defaultStopping(vex::brakeType)
 .text._ZN3vex5motorC2El
                0x00000000038028e0       0x78 /Applications/VEXcode V5 Text.app/Contents/Resources/sdk/vexv5/libv5rt.a(vex_motor.cpp.obj)
                0x00000000038028e0                vex::motor::motor(long)
                0x00000000038028e0                vex::motor::motor(long)
 .text._ZN3vex5motorC2ElNS_11gearSettingEb
                0x0000000003802958       0x34 /Applications/VEXcode V5 Text.app/Contents/Resources/sdk/vexv5/libv5rt.a(vex_motor.cpp.obj)
                0x0000000003802958                vex::motor::motor(long, vex::gearSetting, bool)
                0x0000000003802958                vex::motor::motor(long, vex::gearSetting, bool)
 .text._ZN3vex5motor4stopENS_9brakeTypeE
                0x000000000380298c       0x30 /Applications/VEXcode V5 Text.app/Contents/Resources/sdk/vexv5/libv5rt.a(vex_motor.cpp.obj)
                0x000000000380298c                vex::motor::stop(vex::brakeType)
 .text._ZN3vex5motor16velocityToScaledEdNS_13velocityUnitsE
                0x00000000038029bc       0x5c /Applications/VEXcode V5 Text.app/Contents/Resources/sdk/vexv5/libv5rt.a(vex_motor.cpp.obj)
                0x00000000038029bc                vex::motor::velocityToScaled(double, vex::velocityUnits)
 .text._ZN3vex5motor8velocityENS_13velocityUnitsE
                0x0000000003802a18       0x30 /Applications/VEXcode V5 Text.app/Contents/Resources/sdk/vexv5/libv5rt.a(vex_motor.cpp.obj)
                0x0000000003802a18                vex::motor::velocity(vex::velocityUnits)
 .text._ZN3vex5motor5valueEv
                0x0000000003802a48       0x1c /Applications/VEXcode V5 Text.app/Contents/Resources/sdk/vexv5/libv5rt.a(vex_motor.cpp.obj)
                0x0000000003802a48                vex::motor::value()
 .text._ZN3vex5motor16scaledToVelocityEdNS_13velocityUnitsE
                0x0000000003802a64       0xa4 /Applications/VEXcode V5 Text.app/Contents/Resources/sdk/vexv5/libv5rt.a(vex_motor.cpp.obj)
                0x0000000003802a64                vex::motor::scaledToVelocity(double, vex::velocityUnits)
 .text._ZN3vex5motor4spinENS_13directionTypeEdNS_13velocityUnitsE
                0x0000000003802b08       0x5c /Applications/VEXcode V5 Text.app/Contents/Resources/sdk/vexv5/libv5rt.a(vex_motor.cpp.obj)
                0x0000000003802b08                vex::motor::spin(vex::directionType, double, vex::velocityUnits)
 .text._ZN3vex6vision9installedEv
                0x0000000003802b64       0x18 /Applications/VEXcode V5 Text.app/Contents/Resources/sdk/vexv5/libv5rt.a(vex_vision.cpp.obj)
                0x0000000003802b64                vex::vision::installed()
 .text._ZN3vex6visionD2Ev
                0x0000000003802b7c       0x38 /Applications/VEXcode V5 Text.app/Contents/Resources/sdk/vexv5/libv5rt.a(vex_vision.cpp.obj)
                0x0000000003802b7c                vex::vision::~vision()
                0x0000000003802b7c                vex::vision::~vision()
 .text._ZN3vex6vision12setSignatureERNS0_9signatureE
                0x0000000003802bb4       0x70 /Applications/VEXcode V5 Text.app/Contents/Resources/sdk/vexv5/libv5rt.a(vex_vision.cpp.obj)
                0x0000000003802bb4                vex::vision::setSignature(vex::vision::signature&)
 .text._ZN3vex6vision7setModeENS0_13detectionModeE
                0x0000000003802c24       0x18 /Applications/VEXcode V5 Text.app/Contents/Resources/sdk/vexv5/libv5rt.a(vex_vision.cpp.obj)
                0x0000000003802c24                vex::vision::setMode(vex::vision::detectionMode)
 .text._ZN3vex6vision13setBrightnessEh
                0x0000000003802c3c       0x30 /Applications/VEXcode V5 Text.app/Contents/Resources/sdk/vexv5/libv5rt.a(vex_vision.cpp.obj)
                0x0000000003802c3c                vex::vision::setBrightness(unsigned char)
 .text._ZN3vex6vision10setLedModeENS0_7ledModeE
                0x0000000003802c6c       0x18 /Applications/VEXcode V5 Text.app/Contents/Resources/sdk/vexv5/libv5rt.a(vex_vision.cpp.obj)
                0x0000000003802c6c                vex::vision::setLedMode(vex::vision::ledMode)
 .text._ZN3vex6vision11setLedColorEhhh
                0x0000000003802c84       0x30 /Applications/VEXcode V5 Text.app/Contents/Resources/sdk/vexv5/libv5rt.a(vex_vision.cpp.obj)
                0x0000000003802c84                vex::vision::setLedColor(unsigned char, unsigned char, unsigned char)
 .text._ZN3vex6vision9signatureD2Ev
                0x0000000003802cb4        0x4 /Applications/VEXcode V5 Text.app/Contents/Resources/sdk/vexv5/libv5rt.a(vex_vision.cpp.obj)
                0x0000000003802cb4                vex::vision::signature::~signature()
                0x0000000003802cb4                vex::vision::signature::~signature()
 .text._ZN3vex6vision9signature5clearEv
                0x0000000003802cb8       0x38 /Applications/VEXcode V5 Text.app/Contents/Resources/sdk/vexv5/libv5rt.a(vex_vision.cpp.obj)
                0x0000000003802cb8                vex::vision::signature::clear()
 .text._ZN3vex6vision9signatureC2Ev
                0x0000000003802cf0       0x60 /Applications/VEXcode V5 Text.app/Contents/Resources/sdk/vexv5/libv5rt.a(vex_vision.cpp.obj)
                0x0000000003802cf0                vex::vision::signature::signature()
                0x0000000003802cf0                vex::vision::signature::signature()
 .text._ZN3vex6vision9signatureC2Elllllllfl
                0x0000000003802d50       0x5c /Applications/VEXcode V5 Text.app/Contents/Resources/sdk/vexv5/libv5rt.a(vex_vision.cpp.obj)
                0x0000000003802d50                vex::vision::signature::signature(long, long, long, long, long, long, long, float, long)
                0x0000000003802d50                vex::vision::signature::signature(long, long, long, long, long, long, long, float, long)
 *fill*         0x0000000003802dac        0x4 
 .text._ZN3vex6vision6object3setE22_V5_DeviceVisionObject
                0x0000000003802db0       0x78 /Applications/VEXcode V5 Text.app/Contents/Resources/sdk/vexv5/libv5rt.a(vex_vision.cpp.obj)
                0x0000000003802db0                vex::vision::object::set(_V5_DeviceVisionObject)
 .text._ZN3vex6vision6object5clearEv
                0x0000000003802e28       0x38 /Applications/VEXcode V5 Text.app/Contents/Resources/sdk/vexv5/libv5rt.a(vex_vision.cpp.obj)
                0x0000000003802e28                vex::vision::object::clear()
 .text._ZN3vex6vision6objectC2Ev
                0x0000000003802e60       0x58 /Applications/VEXcode V5 Text.app/Contents/Resources/sdk/vexv5/libv5rt.a(vex_vision.cpp.obj)
                0x0000000003802e60                vex::vision::object::object()
                0x0000000003802e60                vex::vision::object::object()
 .text._ZN3vex6vision13_clearObjectsEv
                0x0000000003802eb8       0x40 /Applications/VEXcode V5 Text.app/Contents/Resources/sdk/vexv5/libv5rt.a(vex_vision.cpp.obj)
                0x0000000003802eb8                vex::vision::_clearObjects()
 .text._ZN3vex6vision6objectaSERKS1_
                0x0000000003802ef8       0x74 /Applications/VEXcode V5 Text.app/Contents/Resources/sdk/vexv5/libv5rt.a(vex_vision.cpp.obj)
                0x0000000003802ef8                vex::vision::object::operator=(vex::vision::object const&)
 .text._ZN3vex6vision12takeSnapshotEmm
                0x0000000003802f6c       0xf4 /Applications/VEXcode V5 Text.app/Contents/Resources/sdk/vexv5/libv5rt.a(vex_vision.cpp.obj)
                0x0000000003802f6c                vex::vision::takeSnapshot(unsigned long, unsigned long)
 .text._ZN3vex6vision12takeSnapshotEm
                0x0000000003803060        0x8 /Applications/VEXcode V5 Text.app/Contents/Resources/sdk/vexv5/libv5rt.a(vex_vision.cpp.obj)
                0x0000000003803060                vex::vision::takeSnapshot(unsigned long)
 .text._ZN3vex6vision5valueEv
                0x0000000003803068        0x8 /Applications/VEXcode V5 Text.app/Contents/Resources/sdk/vexv5/libv5rt.a(vex_vision.cpp.obj)
                0x0000000003803068                vex::vision::value()
 .text._ZN3vex6vision6objectaSEl
                0x0000000003803070       0x38 /Applications/VEXcode V5 Text.app/Contents/Resources/sdk/vexv5/libv5rt.a(vex_vision.cpp.obj)
                0x0000000003803070                vex::vision::object::operator=(long)
 .text._ZN3vex6visionC2El
                0x00000000038030a8       0xa4 /Applications/VEXcode V5 Text.app/Contents/Resources/sdk/vexv5/libv5rt.a(vex_vision.cpp.obj)
                0x00000000038030a8                vex::vision::vision(long)
                0x00000000038030a8                vex::vision::vision(long)
 .text._ZN3vex10controllerD2Ev
                0x000000000380314c        0x4 /Applications/VEXcode V5 Text.app/Contents/Resources/sdk/vexv5/libv5rt.a(vex_controller.cpp.obj)
                0x000000000380314c                vex::controller::~controller()
                0x000000000380314c                vex::controller::~controller()
 .text._ZN3vex10controller5valueE19_V5_ControllerIndex
                0x0000000003803150        0x8 /Applications/VEXcode V5 Text.app/Contents/Resources/sdk/vexv5/libv5rt.a(vex_controller.cpp.obj)
                0x0000000003803150                vex::controller::value(_V5_ControllerIndex)
 .text._ZN3vex10controller6button8pressingEv
                0x0000000003803158       0xc8 /Applications/VEXcode V5 Text.app/Contents/Resources/sdk/vexv5/libv5rt.a(vex_controller.cpp.obj)
                0x0000000003803158                vex::controller::button::pressing()
 .text._ZN3vex10controller6button21_buttonToPressedEventEv
                0x0000000003803220       0x20 /Applications/VEXcode V5 Text.app/Contents/Resources/sdk/vexv5/libv5rt.a(vex_controller.cpp.obj)
                0x0000000003803220                vex::controller::button::_buttonToPressedEvent()
 .text._ZN3vex10controller6button22_buttonToReleasedEventEv
                0x0000000003803240       0x20 /Applications/VEXcode V5 Text.app/Contents/Resources/sdk/vexv5/libv5rt.a(vex_controller.cpp.obj)
                0x0000000003803240                vex::controller::button::_buttonToReleasedEvent()
 .text._ZN3vex10controller6buttonC2ENS0_11tButtonTypeEPS0_
                0x0000000003803260       0x48 /Applications/VEXcode V5 Text.app/Contents/Resources/sdk/vexv5/libv5rt.a(vex_controller.cpp.obj)
                0x0000000003803260                vex::controller::button::button(vex::controller::tButtonType, vex::controller*)
                0x0000000003803260                vex::controller::button::button(vex::controller::tButtonType, vex::controller*)
 .text._ZN3vex10controller4axis5valueEv
                0x00000000038032a8       0x58 /Applications/VEXcode V5 Text.app/Contents/Resources/sdk/vexv5/libv5rt.a(vex_controller.cpp.obj)
                0x00000000038032a8                vex::controller::axis::value()
 .text._ZN3vex10controller4axis23_joystickToChangedEventEv
                0x0000000003803300       0x20 /Applications/VEXcode V5 Text.app/Contents/Resources/sdk/vexv5/libv5rt.a(vex_controller.cpp.obj)
                0x0000000003803300                vex::controller::axis::_joystickToChangedEvent()
 .text._ZN3vex10controller4axisC2ENS0_9tAxisTypeEPS0_
                0x0000000003803320       0x2c /Applications/VEXcode V5 Text.app/Contents/Resources/sdk/vexv5/libv5rt.a(vex_controller.cpp.obj)
                0x0000000003803320                vex::controller::axis::axis(vex::controller::tAxisType, vex::controller*)
                0x0000000003803320                vex::controller::axis::axis(vex::controller::tAxisType, vex::controller*)
 .text._ZN3vex10controllerC2ENS_14controllerTypeE
                0x000000000380334c      0x204 /Applications/VEXcode V5 Text.app/Contents/Resources/sdk/vexv5/libv5rt.a(vex_controller.cpp.obj)
                0x000000000380334c                vex::controller::controller(vex::controllerType)
                0x000000000380334c                vex::controller::controller(vex::controllerType)
 .text._ZN3vex4taskC2Ev
                0x0000000003803550       0x24 /Applications/VEXcode V5 Text.app/Contents/Resources/sdk/vexv5/libv5rt.a(vex_task.cpp.obj)
                0x0000000003803550                vex::task::task()
                0x0000000003803550                vex::task::task()
 .text._ZN3vex4taskC2EPFivE
                0x0000000003803574       0x54 /Applications/VEXcode V5 Text.app/Contents/Resources/sdk/vexv5/libv5rt.a(vex_task.cpp.obj)
                0x0000000003803574                vex::task::task(int (*)())
                0x0000000003803574                vex::task::task(int (*)())
 .text._ZN3vex4taskD2Ev
                0x00000000038035c8        0x4 /Applications/VEXcode V5 Text.app/Contents/Resources/sdk/vexv5/libv5rt.a(vex_task.cpp.obj)
                0x00000000038035c8                vex::task::~task()
                0x00000000038035c8                vex::task::~task()
 .text._ZN3vex4task4stopEPFivE
                0x00000000038035cc        0xc /Applications/VEXcode V5 Text.app/Contents/Resources/sdk/vexv5/libv5rt.a(vex_task.cpp.obj)
                0x00000000038035cc                vex::task::stop(int (*)())
 .text._ZN3vex4task5sleepEm
                0x00000000038035d8        0x4 /Applications/VEXcode V5 Text.app/Contents/Resources/sdk/vexv5/libv5rt.a(vex_task.cpp.obj)
                0x00000000038035d8                vex::task::sleep(unsigned long)
 .text._ZN3vex4task6_indexEPFivE
                0x00000000038035dc       0x14 /Applications/VEXcode V5 Text.app/Contents/Resources/sdk/vexv5/libv5rt.a(vex_task.cpp.obj)
                0x00000000038035dc                vex::task::_index(int (*)())
 .text._ZN3vex4task8_stopAllEv
                0x00000000038035f0       0x3c /Applications/VEXcode V5 Text.app/Contents/Resources/sdk/vexv5/libv5rt.a(vex_task.cpp.obj)
                0x00000000038035f0                vex::task::_stopAll()
 .text._ZN3vex11this_thread9sleep_forEm
                0x000000000380362c        0x4 /Applications/VEXcode V5 Text.app/Contents/Resources/sdk/vexv5/libv5rt.a(vex_thread.cpp.obj)
                0x000000000380362c                vex::this_thread::sleep_for(unsigned long)
 .text._ZN3vex5event4initEmmPFvvE
                0x0000000003803630        0x4 /Applications/VEXcode V5 Text.app/Contents/Resources/sdk/vexv5/libv5rt.a(vex_event.cpp.obj)
                0x0000000003803630                vex::event::init(unsigned long, unsigned long, void (*)())
 .text._ZN3vex5event4initEmmPFvPvES1_
                0x0000000003803634        0x4 /Applications/VEXcode V5 Text.app/Contents/Resources/sdk/vexv5/libv5rt.a(vex_event.cpp.obj)
                0x0000000003803634                vex::event::init(unsigned long, unsigned long, void (*)(void*), void*)
 .text._ZN3vex5event9userindexEv
                0x0000000003803638        0x4 /Applications/VEXcode V5 Text.app/Contents/Resources/sdk/vexv5/libv5rt.a(vex_event.cpp.obj)
                0x0000000003803638                vex::event::userindex()
 .text._ZZN3vex6meventC4EmmENUlvE_4_FUNEv
                0x000000000380363c        0x4 /Applications/VEXcode V5 Text.app/Contents/Resources/sdk/vexv5/libv5rt.a(vex_mevent.cpp.obj)
 .text._ZN3vex6meventC2Emm
                0x0000000003803640       0x70 /Applications/VEXcode V5 Text.app/Contents/Resources/sdk/vexv5/libv5rt.a(vex_mevent.cpp.obj)
                0x0000000003803640                vex::mevent::mevent(unsigned long, unsigned long)
                0x0000000003803640                vex::mevent::mevent(unsigned long, unsigned long)
 .text._ZN3vex5brainD2Ev
                0x00000000038036b0       0x20 /Applications/VEXcode V5 Text.app/Contents/Resources/sdk/vexv5/libv5rt.a(vex_brain.cpp.obj)
                0x00000000038036b0                vex::brain::~brain()
                0x00000000038036b0                vex::brain::~brain()
 .text._ZN3vex5brain9_getIndexEv
                0x00000000038036d0       0x10 /Applications/VEXcode V5 Text.app/Contents/Resources/sdk/vexv5/libv5rt.a(vex_brain.cpp.obj)
                0x00000000038036d0                vex::brain::_getIndex()
 .text._ZN3vex5brain5timerENS_9timeUnitsE
                0x00000000038036e0        0x4 /Applications/VEXcode V5 Text.app/Contents/Resources/sdk/vexv5/libv5rt.a(vex_brain.cpp.obj)
                0x00000000038036e0                vex::brain::timer(vex::timeUnits)
 .text._ZN3vex5brain3lcd9setCursorEll
                0x00000000038036e4       0x44 /Applications/VEXcode V5 Text.app/Contents/Resources/sdk/vexv5/libv5rt.a(vex_brain.cpp.obj)
                0x00000000038036e4                vex::brain::lcd::setCursor(long, long)
 .text._ZN3vex5brain3lcd7setFontENS_8fontTypeE
                0x0000000003803728      0x23c /Applications/VEXcode V5 Text.app/Contents/Resources/sdk/vexv5/libv5rt.a(vex_brain.cpp.obj)
                0x0000000003803728                vex::brain::lcd::setFont(vex::fontType)
 .text._ZN3vex5brain3lcdC2Ev
                0x0000000003803964       0x94 /Applications/VEXcode V5 Text.app/Contents/Resources/sdk/vexv5/libv5rt.a(vex_brain.cpp.obj)
                0x0000000003803964                vex::brain::lcd::lcd()
                0x0000000003803964                vex::brain::lcd::lcd()
 .text._ZN3vex5brainC2Ev
                0x00000000038039f8       0x38 /Applications/VEXcode V5 Text.app/Contents/Resources/sdk/vexv5/libv5rt.a(vex_brain.cpp.obj)
                0x00000000038039f8                vex::brain::brain()
                0x00000000038039f8                vex::brain::brain()
 .text._ZN3vex5brain3lcd7printAtEllPKcz
                0x0000000003803a30       0x6c /Applications/VEXcode V5 Text.app/Contents/Resources/sdk/vexv5/libv5rt.a(vex_brain.cpp.obj)
                0x0000000003803a30                vex::brain::lcd::printAt(long, long, char const*, ...)
 .text._ZN3vex11competition8_disableEPv
                0x0000000003803a9c       0x9c /Applications/VEXcode V5 Text.app/Contents/Resources/sdk/vexv5/libv5rt.a(vex_competition.cpp.obj)
                0x0000000003803a9c                vex::competition::_disable(void*)
 .text._ZN3vex11competition11_autonomousEv
                0x0000000003803b38       0x7c /Applications/VEXcode V5 Text.app/Contents/Resources/sdk/vexv5/libv5rt.a(vex_competition.cpp.obj)
                0x0000000003803b38                vex::competition::_autonomous()
 .text._ZN3vex11competition14_drivercontrolEv
                0x0000000003803bb4       0x7c /Applications/VEXcode V5 Text.app/Contents/Resources/sdk/vexv5/libv5rt.a(vex_competition.cpp.obj)
                0x0000000003803bb4                vex::competition::_drivercontrol()
 .text._ZN3vex11competitionC2Ev
                0x0000000003803c30      0x13c /Applications/VEXcode V5 Text.app/Contents/Resources/sdk/vexv5/libv5rt.a(vex_competition.cpp.obj)
                0x0000000003803c30                vex::competition::competition()
                0x0000000003803c30                vex::competition::competition()
 .text._ZN3vex11competitionD2Ev
                0x0000000003803d6c        0x4 /Applications/VEXcode V5 Text.app/Contents/Resources/sdk/vexv5/libv5rt.a(vex_competition.cpp.obj)
                0x0000000003803d6c                vex::competition::~competition()
                0x0000000003803d6c                vex::competition::~competition()
 .text._ZN3vex11competition10autonomousEPFvvE
                0x0000000003803d70       0x44 /Applications/VEXcode V5 Text.app/Contents/Resources/sdk/vexv5/libv5rt.a(vex_competition.cpp.obj)
                0x0000000003803d70                vex::competition::autonomous(void (*)())
 .text._ZN3vex11competition13drivercontrolEPFvvE
                0x0000000003803db4       0x44 /Applications/VEXcode V5 Text.app/Contents/Resources/sdk/vexv5/libv5rt.a(vex_competition.cpp.obj)
                0x0000000003803db4                vex::competition::drivercontrol(void (*)())
 .text._ZN3vex7triport9installedEv
                0x0000000003803df8       0x18 /Applications/VEXcode V5 Text.app/Contents/Resources/sdk/vexv5/libv5rt.a(vex_triport.cpp.obj)
                0x0000000003803df8                vex::triport::installed()
 .text._ZN3vex7triportD2Ev
                0x0000000003803e10       0x38 /Applications/VEXcode V5 Text.app/Contents/Resources/sdk/vexv5/libv5rt.a(vex_triport.cpp.obj)
                0x0000000003803e10                vex::triport::~triport()
                0x0000000003803e10                vex::triport::~triport()
 .text._ZN3vex7triport4portC2ElPS0_
                0x0000000003803e48       0x74 /Applications/VEXcode V5 Text.app/Contents/Resources/sdk/vexv5/libv5rt.a(vex_triport.cpp.obj)
                0x0000000003803e48                vex::triport::port::port(long, vex::triport*)
                0x0000000003803e48                vex::triport::port::port(long, vex::triport*)
 .text._ZN3vex7triportC2El
                0x0000000003803ebc       0xf0 /Applications/VEXcode V5 Text.app/Contents/Resources/sdk/vexv5/libv5rt.a(vex_triport.cpp.obj)
                0x0000000003803ebc                vex::triport::triport(long)
                0x0000000003803ebc                vex::triport::triport(long)
 .text._ZN3vex7triport4port4typeENS_11triportTypeE
                0x0000000003803fac       0x30 /Applications/VEXcode V5 Text.app/Contents/Resources/sdk/vexv5/libv5rt.a(vex_triport.cpp.obj)
                0x0000000003803fac                vex::triport::port::type(vex::triportType)
 .text._ZN3vex7triport4port4typeEv
                0x0000000003803fdc       0x38 /Applications/VEXcode V5 Text.app/Contents/Resources/sdk/vexv5/libv5rt.a(vex_triport.cpp.obj)
                0x0000000003803fdc                vex::triport::port::type()
 .text._ZN3vex7triport4port5valueEv
                0x0000000003804014       0x14 /Applications/VEXcode V5 Text.app/Contents/Resources/sdk/vexv5/libv5rt.a(vex_triport.cpp.obj)
                0x0000000003804014                vex::triport::port::value()
 .text._ZN3vex7triport4port5valueEl
                0x0000000003804028       0x18 /Applications/VEXcode V5 Text.app/Contents/Resources/sdk/vexv5/libv5rt.a(vex_triport.cpp.obj)
                0x0000000003804028                vex::triport::port::value(long)
 .text._ZN3vex7triport4port11setRotationEdNS_13rotationUnitsE
                0x0000000003804040       0x50 /Applications/VEXcode V5 Text.app/Contents/Resources/sdk/vexv5/libv5rt.a(vex_triport.cpp.obj)
                0x0000000003804040                vex::triport::port::setRotation(double, vex::rotationUnits)
 .text._ZN3vex7triport4port8rotationENS_13rotationUnitsE
                0x0000000003804090       0x40 /Applications/VEXcode V5 Text.app/Contents/Resources/sdk/vexv5/libv5rt.a(vex_triport.cpp.obj)
                0x0000000003804090                vex::triport::port::rotation(vex::rotationUnits)
 .text._ZN3vex11__trideviceC2ERNS_7triport4portENS_11triportTypeE
                0x00000000038040d0       0x5c /Applications/VEXcode V5 Text.app/Contents/Resources/sdk/vexv5/libv5rt.a(vex_triport.cpp.obj)
                0x00000000038040d0                vex::__tridevice::__tridevice(vex::triport::port&, vex::triportType)
                0x00000000038040d0                vex::__tridevice::__tridevice(vex::triport::port&, vex::triportType)
 .text._ZN3vex5limitC2ERNS_7triport4portE
                0x000000000380412c       0x28 /Applications/VEXcode V5 Text.app/Contents/Resources/sdk/vexv5/libv5rt.a(vex_triport.cpp.obj)
                0x000000000380412c                vex::limit::limit(vex::triport::port&)
                0x000000000380412c                vex::limit::limit(vex::triport::port&)
 .text._ZN3vex5limitD2Ev
                0x0000000003804154        0x4 /Applications/VEXcode V5 Text.app/Contents/Resources/sdk/vexv5/libv5rt.a(vex_triport.cpp.obj)
                0x0000000003804154                vex::limit::~limit()
                0x0000000003804154                vex::limit::~limit()
 .text._ZN3vex3potC2ERNS_7triport4portE
                0x0000000003804158       0x20 /Applications/VEXcode V5 Text.app/Contents/Resources/sdk/vexv5/libv5rt.a(vex_triport.cpp.obj)
                0x0000000003804158                vex::pot::pot(vex::triport::port&)
                0x0000000003804158                vex::pot::pot(vex::triport::port&)
 .text._ZN3vex3potD2Ev
                0x0000000003804178        0x4 /Applications/VEXcode V5 Text.app/Contents/Resources/sdk/vexv5/libv5rt.a(vex_triport.cpp.obj)
                0x0000000003804178                vex::pot::~pot()
                0x0000000003804178                vex::pot::~pot()
 .text._ZN3vex7encoderC2ERNS_7triport4portE
                0x000000000380417c       0x20 /Applications/VEXcode V5 Text.app/Contents/Resources/sdk/vexv5/libv5rt.a(vex_triport.cpp.obj)
                0x000000000380417c                vex::encoder::encoder(vex::triport::port&)
                0x000000000380417c                vex::encoder::encoder(vex::triport::port&)
 .text._ZN3vex7encoderD2Ev
                0x000000000380419c        0x4 /Applications/VEXcode V5 Text.app/Contents/Resources/sdk/vexv5/libv5rt.a(vex_triport.cpp.obj)
                0x000000000380419c                vex::encoder::~encoder()
                0x000000000380419c                vex::encoder::~encoder()
 .text._ZN3vex7encoder11setRotationEdNS_13rotationUnitsE
                0x00000000038041a0        0x8 /Applications/VEXcode V5 Text.app/Contents/Resources/sdk/vexv5/libv5rt.a(vex_triport.cpp.obj)
                0x00000000038041a0                vex::encoder::setRotation(double, vex::rotationUnits)
 .text._ZN3vex7encoder8rotationENS_13rotationUnitsE
                0x00000000038041a8        0x8 /Applications/VEXcode V5 Text.app/Contents/Resources/sdk/vexv5/libv5rt.a(vex_triport.cpp.obj)
                0x00000000038041a8                vex::encoder::rotation(vex::rotationUnits)
 .text.startup._GLOBAL__sub_I__ZN3vex7triportC2El
                0x00000000038041b0       0x30 /Applications/VEXcode V5 Text.app/Contents/Resources/sdk/vexv5/libv5rt.a(vex_triport.cpp.obj)
 .text._ZN3vex5colorD2Ev
                0x00000000038041e0        0x4 /Applications/VEXcode V5 Text.app/Contents/Resources/sdk/vexv5/libv5rt.a(vex_color.cpp.obj)
                0x00000000038041e0                vex::color::~color()
                0x00000000038041e0                vex::color::~color()
 .text.startup._GLOBAL__sub_I__ZN3vex5color5blackE
                0x00000000038041e4      0x164 /Applications/VEXcode V5 Text.app/Contents/Resources/sdk/vexv5/libv5rt.a(vex_color.cpp.obj)
 .text._ZN3vex5timerD2Ev
                0x0000000003804348        0x4 /Applications/VEXcode V5 Text.app/Contents/Resources/sdk/vexv5/libv5rt.a(vex_timer.cpp.obj)
                0x0000000003804348                vex::timer::~timer()
                0x0000000003804348                vex::timer::~timer()
 .text._ZN3vex5timer5clearEv
                0x000000000380434c       0x1c /Applications/VEXcode V5 Text.app/Contents/Resources/sdk/vexv5/libv5rt.a(vex_timer.cpp.obj)
                0x000000000380434c                vex::timer::clear()
 .text._ZN3vex5timerC2Ev
                0x0000000003804368       0x14 /Applications/VEXcode V5 Text.app/Contents/Resources/sdk/vexv5/libv5rt.a(vex_timer.cpp.obj)
                0x0000000003804368                vex::timer::timer()
                0x0000000003804368                vex::timer::timer()
 *fill*         0x000000000380437c        0x4 
 .text._ZNK3vex5timer4timeENS_9timeUnitsE
                0x0000000003804380       0x40 /Applications/VEXcode V5 Text.app/Contents/Resources/sdk/vexv5/libv5rt.a(vex_timer.cpp.obj)
                0x0000000003804380                vex::timer::time(vex::timeUnits) const
 .text.vexAdiPortConfigSet
                0x00000000038043c0       0x28 /Applications/VEXcode V5 Text.app/Contents/Resources/sdk/vexv5/libv5rt.a(v5_apiuser.c.obj)
                0x00000000038043c0                vexAdiPortConfigSet
 .text.vexAdiPortConfigGet
                0x00000000038043e8       0x28 /Applications/VEXcode V5 Text.app/Contents/Resources/sdk/vexv5/libv5rt.a(v5_apiuser.c.obj)
                0x00000000038043e8                vexAdiPortConfigGet
 .text.vexAdiValueSet
                0x0000000003804410       0x28 /Applications/VEXcode V5 Text.app/Contents/Resources/sdk/vexv5/libv5rt.a(v5_apiuser.c.obj)
                0x0000000003804410                vexAdiValueSet
 .text.vexAdiValueGet
                0x0000000003804438       0x20 /Applications/VEXcode V5 Text.app/Contents/Resources/sdk/vexv5/libv5rt.a(v5_apiuser.c.obj)
                0x0000000003804438                vexAdiValueGet
 .text.vexMotorVelocitySet
                0x0000000003804458       0x20 /Applications/VEXcode V5 Text.app/Contents/Resources/sdk/vexv5/libv5rt.a(v5_apiuser.c.obj)
                0x0000000003804458                vexMotorVelocitySet
 .text.vexMotorActualVelocityGet
                0x0000000003804478       0x24 /Applications/VEXcode V5 Text.app/Contents/Resources/sdk/vexv5/libv5rt.a(v5_apiuser.c.obj)
                0x0000000003804478                vexMotorActualVelocityGet
 .text.vexMotorReverseFlagSet
                0x000000000380449c       0x20 /Applications/VEXcode V5 Text.app/Contents/Resources/sdk/vexv5/libv5rt.a(v5_apiuser.c.obj)
                0x000000000380449c                vexMotorReverseFlagSet
 .text.vexMotorBrakeModeSet
                0x00000000038044bc       0x20 /Applications/VEXcode V5 Text.app/Contents/Resources/sdk/vexv5/libv5rt.a(v5_apiuser.c.obj)
                0x00000000038044bc                vexMotorBrakeModeSet
 .text.vexMotorPositionSet
                0x00000000038044dc       0x28 /Applications/VEXcode V5 Text.app/Contents/Resources/sdk/vexv5/libv5rt.a(v5_apiuser.c.obj)
                0x00000000038044dc                vexMotorPositionSet
 .text.vexMotorGearingSet
                0x0000000003804504       0x20 /Applications/VEXcode V5 Text.app/Contents/Resources/sdk/vexv5/libv5rt.a(v5_apiuser.c.obj)
                0x0000000003804504                vexMotorGearingSet
 .text.vexMotorGearingGet
                0x0000000003804524       0x18 /Applications/VEXcode V5 Text.app/Contents/Resources/sdk/vexv5/libv5rt.a(v5_apiuser.c.obj)
                0x0000000003804524                vexMotorGearingGet
 .text.vexVisionModeSet
                0x000000000380453c       0x20 /Applications/VEXcode V5 Text.app/Contents/Resources/sdk/vexv5/libv5rt.a(v5_apiuser.c.obj)
                0x000000000380453c                vexVisionModeSet
 .text.vexVisionObjectCountGet
                0x000000000380455c       0x18 /Applications/VEXcode V5 Text.app/Contents/Resources/sdk/vexv5/libv5rt.a(v5_apiuser.c.obj)
                0x000000000380455c                vexVisionObjectCountGet
 .text.vexVisionObjectGet
                0x0000000003804574       0x28 /Applications/VEXcode V5 Text.app/Contents/Resources/sdk/vexv5/libv5rt.a(v5_apiuser.c.obj)
                0x0000000003804574                vexVisionObjectGet
 .text.vexVisionSignatureSet
                0x000000000380459c       0x20 /Applications/VEXcode V5 Text.app/Contents/Resources/sdk/vexv5/libv5rt.a(v5_apiuser.c.obj)
                0x000000000380459c                vexVisionSignatureSet
 .text.vexVisionBrightnessSet
                0x00000000038045bc       0x20 /Applications/VEXcode V5 Text.app/Contents/Resources/sdk/vexv5/libv5rt.a(v5_apiuser.c.obj)
                0x00000000038045bc                vexVisionBrightnessSet
 .text.vexVisionLedModeSet
                0x00000000038045dc       0x20 /Applications/VEXcode V5 Text.app/Contents/Resources/sdk/vexv5/libv5rt.a(v5_apiuser.c.obj)
                0x00000000038045dc                vexVisionLedModeSet
 .text.vexVisionLedColorSet
                0x00000000038045fc       0x2c /Applications/VEXcode V5 Text.app/Contents/Resources/sdk/vexv5/libv5rt.a(v5_apiuser.c.obj)
                0x00000000038045fc                vexVisionLedColorSet
 .text.vexEventMaskSet
                0x0000000003804628       0x28 /Applications/VEXcode V5 Text.app/Contents/Resources/sdk/vexv5/libv5rt.a(v5_apiuser.c.obj)
                0x0000000003804628                vexEventMaskSet
 .text.vexEventMaskGet
                0x0000000003804650       0x18 /Applications/VEXcode V5 Text.app/Contents/Resources/sdk/vexv5/libv5rt.a(v5_apiuser.c.obj)
                0x0000000003804650                vexEventMaskGet
 .text._ZN3vex6device5valueEv
                0x0000000003804668        0x8 /Applications/VEXcode V5 Text.app/Contents/Resources/sdk/vexv5/libv5rt.a(vex_device.cpp.obj)
                0x0000000003804668                vex::device::value()
 .text._ZN3vex6deviceD2Ev
                0x0000000003804670        0x4 /Applications/VEXcode V5 Text.app/Contents/Resources/sdk/vexv5/libv5rt.a(vex_device.cpp.obj)
                0x0000000003804670                vex::device::~device()
                0x0000000003804670                vex::device::~device()
 .text._ZN3vex6device4initEl
                0x0000000003804674       0x30 /Applications/VEXcode V5 Text.app/Contents/Resources/sdk/vexv5/libv5rt.a(vex_device.cpp.obj)
                0x0000000003804674                vex::device::init(long)
 .text._ZN3vex6deviceC2El
                0x00000000038046a4       0x20 /Applications/VEXcode V5 Text.app/Contents/Resources/sdk/vexv5/libv5rt.a(vex_device.cpp.obj)
                0x00000000038046a4                vex::device::device(long)
                0x00000000038046a4                vex::device::device(long)
 .text._ZN3vex6device4typeEv
                0x00000000038046c4       0x10 /Applications/VEXcode V5 Text.app/Contents/Resources/sdk/vexv5/libv5rt.a(vex_device.cpp.obj)
                0x00000000038046c4                vex::device::type()
 .text._ZN3vex6device9installedEv
                0x00000000038046d4       0x14 /Applications/VEXcode V5 Text.app/Contents/Resources/sdk/vexv5/libv5rt.a(vex_device.cpp.obj)
                0x00000000038046d4                vex::device::installed()
 .text.__libc_fini_array
                0x00000000038046e8       0x30 /Applications/VEXcode V5 Text.app/Contents/Resources/sdk/vexv5/gcc/libs/libc.a(lib_a-fini.o)
                0x00000000038046e8                __libc_fini_array
 .text.__libc_init_array
                0x0000000003804718       0x58 /Applications/VEXcode V5 Text.app/Contents/Resources/sdk/vexv5/gcc/libs/libc.a(lib_a-init.o)
                0x0000000003804718                __libc_init_array
 .text.__libc_init_array.__stub
                0x0000000003804770       0x18 linker stubs
 *(.gnu.linkonce.t.*)
 *(.plt)
 *(.gnu_warning)
 *(.gcc_except_table)
 *(.glue_7)
 .glue_7        0x0000000003804788        0x0 linker stubs
 *(.glue_7t)
 .glue_7t       0x0000000003804788        0x0 linker stubs
 *(.vfp11_veneer)
 .vfp11_veneer  0x0000000003804788        0x0 linker stubs
 *(.ARM.extab)
 *(.gnu.linkonce.armextab.*)

.v4_bx          0x0000000003804788        0x0
 .v4_bx         0x0000000003804788        0x0 linker stubs

.iplt           0x0000000003804788        0x0
 .iplt          0x0000000003804788        0x0 build/src/auton.o

.init
 *(.init)

.fini
 *(.fini)

.rodata         0x0000000003804788      0x34c
                0x0000000003804788                __rodata_start = .
 *(.rodata)
 *(.rodata.*)
 .rodata.str1.1
                0x0000000003804788      0x225 build/src/odom.o
 .rodata.str1.1
                0x00000000038049ad       0x2e /Applications/VEXcode V5 Text.app/Contents/Resources/sdk/vexv5/libv5rt.a(v5_startup.c.obj)
 *fill*         0x00000000038049db        0x1 
 .rodata._ZN3vex6PORT20E
                0x00000000038049dc        0x4 /Applications/VEXcode V5 Text.app/Contents/Resources/sdk/vexv5/libv5rt.a(vex_global.cpp.obj)
                0x00000000038049dc                vex::PORT20
 .rodata._ZN3vex5PORT1E
                0x00000000038049e0        0x4 /Applications/VEXcode V5 Text.app/Contents/Resources/sdk/vexv5/libv5rt.a(vex_global.cpp.obj)
                0x00000000038049e0                vex::PORT1
 .rodata._ZN3vex6PORT10E
                0x00000000038049e4        0x4 /Applications/VEXcode V5 Text.app/Contents/Resources/sdk/vexv5/libv5rt.a(vex_global.cpp.obj)
                0x00000000038049e4                vex::PORT10
 .rodata._ZN3vex4msecE
                0x00000000038049e8        0x4 /Applications/VEXcode V5 Text.app/Contents/Resources/sdk/vexv5/libv5rt.a(vex_global.cpp.obj)
                0x00000000038049e8                vex::msec
 .rodata._ZN3vex6PORT18E
                0x00000000038049ec        0x4 /Applications/VEXcode V5 Text.app/Contents/Resources/sdk/vexv5/libv5rt.a(vex_global.cpp.obj)
                0x00000000038049ec                vex::PORT18
 .rodata._ZN3vex9ratio36_1E
                0x00000000038049f0        0x4 /Applications/VEXcode V5 Text.app/Contents/Resources/sdk/vexv5/libv5rt.a(vex_global.cpp.obj)
                0x00000000038049f0                vex::ratio36_1
 .rodata._ZN3vex5PORT9E
                0x00000000038049f4        0x4 /Applications/VEXcode V5 Text.app/Contents/Resources/sdk/vexv5/libv5rt.a(vex_global.cpp.obj)
                0x00000000038049f4                vex::PORT9
 .rodata._ZN3vex6PORT11E
                0x00000000038049f8        0x4 /Applications/VEXcode V5 Text.app/Contents/Resources/sdk/vexv5/libv5rt.a(vex_global.cpp.obj)
                0x00000000038049f8                vex::PORT11
 .rodata._ZN3vex7primaryE
                0x00000000038049fc        0x4 /Applications/VEXcode V5 Text.app/Contents/Resources/sdk/vexv5/libv5rt.a(vex_global.cpp.obj)
                0x00000000038049fc                vex::primary
 .rodata._ZN3vex6PORT19E
                0x0000000003804a00        0x4 /Applications/VEXcode V5 Text.app/Contents/Resources/sdk/vexv5/libv5rt.a(vex_global.cpp.obj)
                0x0000000003804a00                vex::PORT19
 .rodata._ZN3vex6PORT22E
                0x0000000003804a04        0x4 /Applications/VEXcode V5 Text.app/Contents/Resources/sdk/vexv5/libv5rt.a(vex_global.cpp.obj)
                0x0000000003804a04                vex::PORT22
 .rodata._ZN3vex6PORT12E
                0x0000000003804a08        0x4 /Applications/VEXcode V5 Text.app/Contents/Resources/sdk/vexv5/libv5rt.a(vex_global.cpp.obj)
                0x0000000003804a08                vex::PORT12
 .rodata._ZN3vex6PORT13E
                0x0000000003804a0c        0x4 /Applications/VEXcode V5 Text.app/Contents/Resources/sdk/vexv5/libv5rt.a(vex_global.cpp.obj)
                0x0000000003804a0c                vex::PORT13
 .rodata._ZN3vex9ratio18_1E
                0x0000000003804a10        0x4 /Applications/VEXcode V5 Text.app/Contents/Resources/sdk/vexv5/libv5rt.a(vex_global.cpp.obj)
                0x0000000003804a10                vex::ratio18_1
 *fill*         0x0000000003804a14        0x4 
 .rodata._ZTVN3vex5motorE
                0x0000000003804a18       0x10 /Applications/VEXcode V5 Text.app/Contents/Resources/sdk/vexv5/libv5rt.a(vex_motor.cpp.obj)
                0x0000000003804a18                vtable for vex::motor
 .rodata._ZTVN3vex6visionE
                0x0000000003804a28       0x10 /Applications/VEXcode V5 Text.app/Contents/Resources/sdk/vexv5/libv5rt.a(vex_vision.cpp.obj)
                0x0000000003804a28                vtable for vex::vision
 .rodata.CSWTCH.15
                0x0000000003804a38        0xb /Applications/VEXcode V5 Text.app/Contents/Resources/sdk/vexv5/libv5rt.a(vex_controller.cpp.obj)
 .rodata.CSWTCH.17
                0x0000000003804a43        0xb /Applications/VEXcode V5 Text.app/Contents/Resources/sdk/vexv5/libv5rt.a(vex_controller.cpp.obj)
 .rodata.CSWTCH.23
                0x0000000003804a4e        0x3 /Applications/VEXcode V5 Text.app/Contents/Resources/sdk/vexv5/libv5rt.a(vex_controller.cpp.obj)
 .rodata.str1.1
                0x0000000003804a51       0x14 /Applications/VEXcode V5 Text.app/Contents/Resources/sdk/vexv5/libv5rt.a(vex_task.cpp.obj)
 .rodata.str1.1
                0x0000000003804a65       0x2b /Applications/VEXcode V5 Text.app/Contents/Resources/sdk/vexv5/libv5rt.a(vex_brain.cpp.obj)
 .rodata._ZTVN3vex7triportE
                0x0000000003804a90       0x10 /Applications/VEXcode V5 Text.app/Contents/Resources/sdk/vexv5/libv5rt.a(vex_triport.cpp.obj)
                0x0000000003804a90                vtable for vex::triport
 .rodata.CSWTCH.34
                0x0000000003804aa0       0x10 /Applications/VEXcode V5 Text.app/Contents/Resources/sdk/vexv5/libv5rt.a(vex_triport.cpp.obj)
 .rodata.CSWTCH.29
                0x0000000003804ab0        0xe /Applications/VEXcode V5 Text.app/Contents/Resources/sdk/vexv5/libv5rt.a(vex_triport.cpp.obj)
 *fill*         0x0000000003804abe        0x2 
 .rodata._ZTVN3vex6deviceE
                0x0000000003804ac0       0x10 /Applications/VEXcode V5 Text.app/Contents/Resources/sdk/vexv5/libv5rt.a(vex_device.cpp.obj)
                0x0000000003804ac0                vtable for vex::device
 .rodata.str1.4
                0x0000000003804ad0        0x4 /Applications/VEXcode V5 Text.app/Contents/Resources/sdk/vexv5/gcc/libs/libc.a(lib_a-impure.o)
                                          0x2 (size before relaxing)
 *(.gnu.linkonce.r.*)
                0x0000000003804ad4                __rodata_end = .

.rodata1        0x0000000003804ad4        0x0
                0x0000000003804ad4                __rodata1_start = .
 *(.rodata1)
 *(.rodata1.*)
                0x0000000003804ad4                __rodata1_end = .

.sdata2         0x0000000003804ad4        0x0
                0x0000000003804ad4                __sdata2_start = .
 *(.sdata2)
 *(.sdata2.*)
 *(.gnu.linkonce.s2.*)
                0x0000000003804ad4                __sdata2_end = .

.sbss2          0x0000000003804ad4        0x0
                0x0000000003804ad4                __sbss2_start = .
 *(.sbss2)
 *(.sbss2.*)
 *(.gnu.linkonce.sb2.*)
                0x0000000003804ad4                __sbss2_end = .

.data           0x0000000003804ad8      0x474
                0x0000000003804ad8                __data_start = .
 *(.data)
 *(.data.*)
 .data.rWidth   0x0000000003804ad8        0x4 build/src/odom.o
                0x0000000003804ad8                rWidth
 .data.lWidth   0x0000000003804adc        0x4 build/src/odom.o
                0x0000000003804adc                lWidth
 .data.bLength  0x0000000003804ae0        0x4 build/src/odom.o
                0x0000000003804ae0                bLength
 .data.rWheelRatio
                0x0000000003804ae4        0x4 build/src/odom.o
                0x0000000003804ae4                rWheelRatio
 .data.lWheelRatio
                0x0000000003804ae8        0x4 build/src/odom.o
                0x0000000003804ae8                lWheelRatio
 .data.bWheelRatio
                0x0000000003804aec        0x4 build/src/odom.o
                0x0000000003804aec                bWheelRatio
 .data.turnP    0x0000000003804af0        0x4 build/src/odom.o
                0x0000000003804af0                turnP
 .data.driveP   0x0000000003804af4        0x4 build/src/odom.o
                0x0000000003804af4                driveP
 .data.turnD    0x0000000003804af8        0x4 build/src/odom.o
                0x0000000003804af8                turnD
 .data.driveD   0x0000000003804afc        0x4 build/src/odom.o
                0x0000000003804afc                driveD
 .data.turnMax  0x0000000003804b00        0x4 build/src/odom.o
                0x0000000003804b00                turnMax
 .data.driveMax
                0x0000000003804b04        0x4 build/src/odom.o
                0x0000000003804b04                driveMax
 .data.errorMarginBase
                0x0000000003804b08        0x4 build/src/odom.o
                0x0000000003804b08                errorMarginBase
 .data.errorMarginTurnDeg
                0x0000000003804b0c        0x4 build/src/odom.o
                0x0000000003804b0c                errorMarginTurnDeg
 .data.pi       0x0000000003804b10        0x4 build/src/odom.o
                0x0000000003804b10                pi
 .data.appRunning
                0x0000000003804b14        0x4 /Applications/VEXcode V5 Text.app/Contents/Resources/sdk/vexv5/libv5rt.a(v5_startup.c.obj)
                0x0000000003804b14                appRunning
 .data.__yoff   0x0000000003804b18        0x4 /Applications/VEXcode V5 Text.app/Contents/Resources/sdk/vexv5/libv5rt.a(v5_apijump.c.obj)
 .data._ZN3vex24__default_motor_velocityE
                0x0000000003804b1c        0x4 /Applications/VEXcode V5 Text.app/Contents/Resources/sdk/vexv5/libv5rt.a(vex_motor.cpp.obj)
                0x0000000003804b1c                vex::__default_motor_velocity
 .data.impure_data
                0x0000000003804b20      0x428 /Applications/VEXcode V5 Text.app/Contents/Resources/sdk/vexv5/gcc/libs/libc.a(lib_a-impure.o)
 .data._impure_ptr
                0x0000000003804f48        0x4 /Applications/VEXcode V5 Text.app/Contents/Resources/sdk/vexv5/gcc/libs/libc.a(lib_a-impure.o)
                0x0000000003804f48                _impure_ptr
 *(.gnu.linkonce.d.*)
 *(.jcr)
 *(.got)
 *(.got.plt)
                0x0000000003804f4c                __data_end = .

.igot.plt       0x0000000003804f4c        0x0
 .igot.plt      0x0000000003804f4c        0x0 build/src/auton.o

.data1          0x0000000003804f4c        0x0
                0x0000000003804f4c                __data1_start = .
 *(.data1)
 *(.data1.*)
                0x0000000003804f4c                __data1_end = .

.got
 *(.got)

.ctors          0x0000000003804f4c        0x0
                0x0000000003804f4c                __CTOR_LIST__ = .
                0x0000000003804f4c                ___CTORS_LIST___ = .
 *crtbegin.o(.ctors)
 *(EXCLUDE_FILE(*crtend.o) .ctors)
 *(SORT_BY_NAME(.ctors.*))
 *(.ctors)
                0x0000000003804f4c                __CTOR_END__ = .
                0x0000000003804f4c                ___CTORS_END___ = .

.dtors          0x0000000003804f4c        0x0
                0x0000000003804f4c                __DTOR_LIST__ = .
                0x0000000003804f4c                ___DTORS_LIST___ = .
 *crtbegin.o(.dtors)
 *(EXCLUDE_FILE(*crtend.o) .dtors)
 *(SORT_BY_NAME(.dtors.*))
 *(.dtors)
                0x0000000003804f4c                __DTOR_END__ = .
                0x0000000003804f4c                ___DTORS_END___ = .

.fixup          0x0000000003804f4c        0x0
                0x0000000003804f4c                __fixup_start = .
 *(.fixup)
                0x0000000003804f4c                __fixup_end = .

.eh_frame
 *(.eh_frame)

.eh_framehdr    0x0000000003804f4c        0x0
                0x0000000003804f4c                __eh_framehdr_start = .
 *(.eh_framehdr)
                0x0000000003804f4c                __eh_framehdr_end = .

.gcc_except_table
 *(.gcc_except_table)

.mmu_tbl        0x0000000003808000        0x0
                0x0000000003808000                __mmu_tbl_start = .
 *(.mmu_tbl)
                0x0000000003808000                __mmu_tbl_end = .

.ARM.exidx      0x0000000003804f4c        0x8
                0x0000000003804f4c                __exidx_start = .
 *(.ARM.exidx*)
 .ARM.exidx.text._Z4Testv
                0x0000000003804f4c        0x8 build/src/auton.o
 .ARM.exidx.text._Z10autonomousv
                0x0000000003804f54        0x0 build/src/auton.o
                                          0x8 (size before relaxing)
 .ARM.exidx.text.main
                0x0000000003804f54        0x0 build/src/main.o
                                          0x8 (size before relaxing)
 .ARM.exidx.text._GLOBAL__sub_I_main.cpp
                0x0000000003804f54        0x0 build/src/main.o
                                          0x8 (size before relaxing)
 .ARM.exidx.text._Z16setDriveVelocityffff
                0x0000000003804f54        0x0 build/src/odom.o
                                          0x8 (size before relaxing)
 .ARM.exidx.text._Z9driveHoldv
                0x0000000003804f54        0x0 build/src/odom.o
                                          0x8 (size before relaxing)
 .ARM.exidx.text._Z14updateEncodersv
                0x0000000003804f54        0x0 build/src/odom.o
                                          0x8 (size before relaxing)
 .ARM.exidx.text._Z14updatePositionv
                0x0000000003804f54        0x0 build/src/odom.o
                                          0x8 (size before relaxing)
 .ARM.exidx.text._Z13positionTrackv
                0x0000000003804f54        0x0 build/src/odom.o
                                          0x8 (size before relaxing)
 .ARM.exidx.text._Z10driveResetfff
                0x0000000003804f54        0x0 build/src/odom.o
                                          0x8 (size before relaxing)
 .ARM.exidx.text._Z9turnSlidefffbfffffffff
                0x0000000003804f54        0x0 build/src/odom.o
                                          0x8 (size before relaxing)
 .ARM.exidx.text._GLOBAL__sub_I_odom.cpp
                0x0000000003804f54        0x0 build/src/odom.o
                                          0x8 (size before relaxing)
 .ARM.exidx.text._Z9pre_autonv
                0x0000000003804f54        0x0 build/src/preauton.o
                                          0x8 (size before relaxing)
 .ARM.exidx.text._Z11vexcodeInitv
                0x0000000003804f54        0x0 build/src/robot-config.o
                                          0x8 (size before relaxing)
 .ARM.exidx.text._GLOBAL__sub_I_robot_config.cpp
                0x0000000003804f54        0x0 build/src/robot-config.o
                                          0x8 (size before relaxing)
 .ARM.exidx.text._Z11usercontrolv
                0x0000000003804f54        0x0 build/src/usercontrol.o
                                          0x8 (size before relaxing)
 .ARM.exidx.text._ZN3vex6visionC2IJNS0_9signatureES2_S2_S2_S2_S2_S2_EEElhDpRT_
                0x0000000003804f54        0x0 build/src/vision-sensor.o
                                          0x8 (size before relaxing)
 .ARM.exidx.text._ZN3vex6vision7_setsigINS0_9signatureEJS2_S2_S2_S2_EEEvRT_DpRT0_
                0x0000000003804f54        0x0 build/src/vision-sensor.o
                                          0x8 (size before relaxing)
 .ARM.exidx.text._GLOBAL__sub_I_vision_sensor.cpp
                0x0000000003804f54        0x0 build/src/vision-sensor.o
                                          0x8 (size before relaxing)
 *(.gnu.linkonce.armexidix.*.*)
                0x0000000003804f54                __exidx_end = .

.rel.dyn        0x0000000003804f54        0x0
 .rel.iplt      0x0000000003804f54        0x0 build/src/auton.o

.preinit_array  0x0000000003804f54        0x0
                0x0000000003804f54                __preinit_array_start = .
 *(SORT_BY_NAME(.preinit_array.*))
 *(.preinit_array)
                0x0000000003804f54                __preinit_array_end = .

.init_array     0x0000000003804f54       0x18
                0x0000000003804f54                __init_array_start = .
 *(SORT_BY_NAME(.init_array.*))
 *(.init_array)
 .init_array    0x0000000003804f54        0x4 build/src/main.o
 .init_array    0x0000000003804f58        0x4 build/src/odom.o
 .init_array    0x0000000003804f5c        0x4 build/src/robot-config.o
 .init_array    0x0000000003804f60        0x4 build/src/vision-sensor.o
 .init_array    0x0000000003804f64        0x4 /Applications/VEXcode V5 Text.app/Contents/Resources/sdk/vexv5/libv5rt.a(vex_triport.cpp.obj)
 .init_array    0x0000000003804f68        0x4 /Applications/VEXcode V5 Text.app/Contents/Resources/sdk/vexv5/libv5rt.a(vex_color.cpp.obj)
                0x0000000003804f6c                __init_array_end = .

.fini_array     0x0000000003804f6c        0x0
                0x0000000003804f6c                __fini_array_start = .
 *(SORT_BY_NAME(.fini_array.*))
 *(.fini_array)
                0x0000000003804f6c                __fini_array_end = .

.ARM.attributes
                0x0000000003804f6c       0x3c
                0x0000000003804f6c                __ARM.attributes_start = .
 *(.ARM.attributes)
 .ARM.attributes
                0x0000000003804f6c       0x3a build/src/auton.o
 .ARM.attributes
                0x0000000003804fa6       0x3a build/src/main.o
 .ARM.attributes
                0x0000000003804fe0       0x3a build/src/odom.o
 .ARM.attributes
                0x000000000380501a       0x3a build/src/preauton.o
 .ARM.attributes
                0x0000000003805054       0x3a build/src/robot-config.o
 .ARM.attributes
                0x000000000380508e       0x3a build/src/usercontrol.o
 .ARM.attributes
                0x00000000038050c8       0x3a build/src/vision-sensor.o
 .ARM.attributes
                0x0000000003805102       0x35 /Applications/VEXcode V5 Text.app/Contents/Resources/sdk/vexv5/libv5rt.a(v5_startup.c.obj)
 .ARM.attributes
                0x0000000003805137       0x35 /Applications/VEXcode V5 Text.app/Contents/Resources/sdk/vexv5/libv5rt.a(v5_util.c.obj)
 .ARM.attributes
                0x000000000380516c       0x35 /Applications/VEXcode V5 Text.app/Contents/Resources/sdk/vexv5/libv5rt.a(v5_apijump.c.obj)
 .ARM.attributes
                0x00000000038051a1       0x35 /Applications/VEXcode V5 Text.app/Contents/Resources/sdk/vexv5/libv5rt.a(v5_apiversions.c.obj)
 .ARM.attributes
                0x00000000038051d6       0x35 /Applications/VEXcode V5 Text.app/Contents/Resources/sdk/vexv5/libv5rt.a(vex_global.cpp.obj)
 .ARM.attributes
                0x000000000380520b       0x35 /Applications/VEXcode V5 Text.app/Contents/Resources/sdk/vexv5/libv5rt.a(vex_motor.cpp.obj)
 .ARM.attributes
                0x0000000003805240       0x35 /Applications/VEXcode V5 Text.app/Contents/Resources/sdk/vexv5/libv5rt.a(vex_vision.cpp.obj)
 .ARM.attributes
                0x0000000003805275       0x35 /Applications/VEXcode V5 Text.app/Contents/Resources/sdk/vexv5/libv5rt.a(vex_controller.cpp.obj)
 .ARM.attributes
                0x00000000038052aa       0x35 /Applications/VEXcode V5 Text.app/Contents/Resources/sdk/vexv5/libv5rt.a(vex_task.cpp.obj)
 .ARM.attributes
                0x00000000038052df       0x35 /Applications/VEXcode V5 Text.app/Contents/Resources/sdk/vexv5/libv5rt.a(vex_thread.cpp.obj)
 .ARM.attributes
                0x0000000003805314       0x35 /Applications/VEXcode V5 Text.app/Contents/Resources/sdk/vexv5/libv5rt.a(vex_event.cpp.obj)
 .ARM.attributes
                0x0000000003805349       0x35 /Applications/VEXcode V5 Text.app/Contents/Resources/sdk/vexv5/libv5rt.a(vex_mevent.cpp.obj)
 .ARM.attributes
                0x000000000380537e       0x35 /Applications/VEXcode V5 Text.app/Contents/Resources/sdk/vexv5/libv5rt.a(vex_brain.cpp.obj)
 .ARM.attributes
                0x00000000038053b3       0x35 /Applications/VEXcode V5 Text.app/Contents/Resources/sdk/vexv5/libv5rt.a(vex_competition.cpp.obj)
 .ARM.attributes
                0x00000000038053e8       0x35 /Applications/VEXcode V5 Text.app/Contents/Resources/sdk/vexv5/libv5rt.a(vex_triport.cpp.obj)
 .ARM.attributes
                0x000000000380541d       0x35 /Applications/VEXcode V5 Text.app/Contents/Resources/sdk/vexv5/libv5rt.a(vex_color.cpp.obj)
 .ARM.attributes
                0x0000000003805452       0x35 /Applications/VEXcode V5 Text.app/Contents/Resources/sdk/vexv5/libv5rt.a(vex_timer.cpp.obj)
 .ARM.attributes
                0x0000000003805487       0x35 /Applications/VEXcode V5 Text.app/Contents/Resources/sdk/vexv5/libv5rt.a(v5_apiuser.c.obj)
 .ARM.attributes
                0x00000000038054bc       0x35 /Applications/VEXcode V5 Text.app/Contents/Resources/sdk/vexv5/libv5rt.a(vex_device.cpp.obj)
 .ARM.attributes
                0x00000000038054f1       0x2b /Applications/VEXcode V5 Text.app/Contents/Resources/sdk/vexv5/gcc/libs/libc.a(lib_a-fini.o)
 .ARM.attributes
                0x000000000380551c       0x2b /Applications/VEXcode V5 Text.app/Contents/Resources/sdk/vexv5/gcc/libs/libc.a(lib_a-impure.o)
 .ARM.attributes
                0x0000000003805547       0x2b /Applications/VEXcode V5 Text.app/Contents/Resources/sdk/vexv5/gcc/libs/libc.a(lib_a-init.o)
                0x0000000003805572                __ARM.attributes_end = .

.sdata          0x0000000003804f6c        0x0
                0x0000000003804f6c                __sdata_start = .
 *(.sdata)
 *(.sdata.*)
 *(.gnu.linkonce.s.*)
                0x0000000003804f6c                __sdata_end = .

.sbss           0x0000000003804f6c        0x0
                0x0000000003804f6c                __sbss_start = .
 *(.sbss)
 *(.sbss.*)
 *(.gnu.linkonce.sb.*)
                0x0000000003804f6c                __sbss_end = .

.tdata          0x0000000003804f6c        0x0
                0x0000000003804f6c                __tdata_start = .
 *(.tdata)
 *(.tdata.*)
 *(.gnu.linkonce.td.*)
                0x0000000003804f6c                __tdata_end = .

.tbss           0x0000000003804f6c        0x0
                0x0000000003804f6c                __tbss_start = .
 *(.tbss)
 *(.tbss.*)
 *(.gnu.linkonce.tb.*)
                0x0000000003804f6c                __tbss_end = .

.bss            0x0000000003804f70      0xfe9
                0x0000000003804f70                __bss_start = .
 *(.bss)
 *(.bss.*)
 .bss.Competition
                0x0000000003804f70       0x28 build/src/main.o
                0x0000000003804f70                Competition
 .bss.positiontrackingtask
                0x0000000003804f98        0x4 build/src/odom.o
                0x0000000003804f98                positiontrackingtask
 .bss.prevL     0x0000000003804f9c        0x4 build/src/odom.o
                0x0000000003804f9c                prevL
 .bss.prevR     0x0000000003804fa0        0x4 build/src/odom.o
                0x0000000003804fa0                prevR
 .bss.prevB     0x0000000003804fa4        0x4 build/src/odom.o
                0x0000000003804fa4                prevB
 .bss.prevOrientationRad
                0x0000000003804fa8        0x4 build/src/odom.o
                0x0000000003804fa8                prevOrientationRad
 .bss.prevGlobalX
                0x0000000003804fac        0x4 build/src/odom.o
                0x0000000003804fac                prevGlobalX
 .bss.prevGlobalY
                0x0000000003804fb0        0x4 build/src/odom.o
                0x0000000003804fb0                prevGlobalY
 .bss.absOrientationRad
                0x0000000003804fb4        0x4 build/src/odom.o
                0x0000000003804fb4                absOrientationRad
 .bss.absOrientationDeg
                0x0000000003804fb8        0x4 build/src/odom.o
                0x0000000003804fb8                absOrientationDeg
 .bss.localX    0x0000000003804fbc        0x4 build/src/odom.o
                0x0000000003804fbc                localX
 .bss.localY    0x0000000003804fc0        0x4 build/src/odom.o
                0x0000000003804fc0                localY
 .bss.deltaL    0x0000000003804fc4        0x4 build/src/odom.o
                0x0000000003804fc4                deltaL
 .bss.deltaR    0x0000000003804fc8        0x4 build/src/odom.o
                0x0000000003804fc8                deltaR
 .bss.deltaB    0x0000000003804fcc        0x4 build/src/odom.o
                0x0000000003804fcc                deltaB
 .bss.absGlobalX
                0x0000000003804fd0        0x4 build/src/odom.o
                0x0000000003804fd0                absGlobalX
 .bss.absGlobalY
                0x0000000003804fd4        0x4 build/src/odom.o
                0x0000000003804fd4                absGlobalY
 .bss.currentL  0x0000000003804fd8        0x4 build/src/odom.o
                0x0000000003804fd8                currentL
 .bss.currentR  0x0000000003804fdc        0x4 build/src/odom.o
                0x0000000003804fdc                currentR
 .bss.currentB  0x0000000003804fe0        0x4 build/src/odom.o
                0x0000000003804fe0                currentB
 .bss.Brain     0x0000000003804fe4      0x2bc build/src/robot-config.o
                0x0000000003804fe4                Brain
 .bss.LF        0x00000000038052a0       0x24 build/src/robot-config.o
                0x00000000038052a0                LF
 .bss.LB        0x00000000038052c4       0x24 build/src/robot-config.o
                0x00000000038052c4                LB
 .bss.RB        0x00000000038052e8       0x24 build/src/robot-config.o
                0x00000000038052e8                RB
 .bss.RF        0x000000000380530c       0x24 build/src/robot-config.o
                0x000000000380530c                RF
 .bss.IntakeR   0x0000000003805330       0x24 build/src/robot-config.o
                0x0000000003805330                IntakeR
 .bss.IntakeL   0x0000000003805354       0x24 build/src/robot-config.o
                0x0000000003805354                IntakeL
 .bss.RollerBack
                0x0000000003805378       0x24 build/src/robot-config.o
                0x0000000003805378                RollerBack
 .bss.RollerMain
                0x000000000380539c       0x24 build/src/robot-config.o
                0x000000000380539c                RollerMain
 .bss.EncoderL  0x00000000038053c0       0x1c build/src/robot-config.o
                0x00000000038053c0                EncoderL
 .bss.EncoderR  0x00000000038053dc       0x1c build/src/robot-config.o
                0x00000000038053dc                EncoderR
 .bss.EncoderB  0x00000000038053f8       0x1c build/src/robot-config.o
                0x00000000038053f8                EncoderB
 .bss.FANG      0x0000000003805414       0x20 build/src/robot-config.o
                0x0000000003805414                FANG
 .bss.HoodPot   0x0000000003805434       0x1c build/src/robot-config.o
                0x0000000003805434                HoodPot
 .bss.con       0x0000000003805450      0x1e0 build/src/robot-config.o
                0x0000000003805450                con
 .bss.SIG_1     0x0000000003805630       0x50 build/src/vision-sensor.o
                0x0000000003805630                SIG_1
 .bss.SIG_2     0x0000000003805680       0x50 build/src/vision-sensor.o
                0x0000000003805680                SIG_2
 .bss.SIG_3     0x00000000038056d0       0x50 build/src/vision-sensor.o
                0x00000000038056d0                SIG_3
 .bss.SIG_4     0x0000000003805720       0x50 build/src/vision-sensor.o
                0x0000000003805720                SIG_4
 .bss.SIG_5     0x0000000003805770       0x50 build/src/vision-sensor.o
                0x0000000003805770                SIG_5
 .bss.SIG_6     0x00000000038057c0       0x50 build/src/vision-sensor.o
                0x00000000038057c0                SIG_6
 .bss.SIG_7     0x0000000003805810       0x50 build/src/vision-sensor.o
                0x0000000003805810                SIG_7
 .bss.vs        0x0000000003805860      0x690 build/src/vision-sensor.o
                0x0000000003805860                vs
 .bss.__dso_handle
                0x0000000003805ef0        0x4 /Applications/VEXcode V5 Text.app/Contents/Resources/sdk/vexv5/libv5rt.a(v5_startup.c.obj)
                0x0000000003805ef0                __dso_handle
 .bss._ZN3vex4task8_labelIdE
                0x0000000003805ef4        0x4 /Applications/VEXcode V5 Text.app/Contents/Resources/sdk/vexv5/libv5rt.a(vex_task.cpp.obj)
                0x0000000003805ef4                vex::task::_labelId
 .bss._ZN3vex11competition22bStopTasksBetweenModesE
                0x0000000003805ef8        0x1 /Applications/VEXcode V5 Text.app/Contents/Resources/sdk/vexv5/libv5rt.a(vex_competition.cpp.obj)
                0x0000000003805ef8                vex::competition::bStopTasksBetweenModes
 .bss._ZN3vex11competition25bStopAllTasksBetweenModesE
                0x0000000003805ef9        0x1 /Applications/VEXcode V5 Text.app/Contents/Resources/sdk/vexv5/libv5rt.a(vex_competition.cpp.obj)
                0x0000000003805ef9                vex::competition::bStopAllTasksBetweenModes
 .bss._ZN3vex11competition14_auton_pendingE
                0x0000000003805efa        0x1 /Applications/VEXcode V5 Text.app/Contents/Resources/sdk/vexv5/libv5rt.a(vex_competition.cpp.obj)
                0x0000000003805efa                vex::competition::_auton_pending
 *fill*         0x0000000003805efb        0x1 
 .bss._ZN3vex11competition20_autonomous_callbackE
                0x0000000003805efc        0x4 /Applications/VEXcode V5 Text.app/Contents/Resources/sdk/vexv5/libv5rt.a(vex_competition.cpp.obj)
                0x0000000003805efc                vex::competition::_autonomous_callback
 .bss._ZN3vex11competition23_drivercontrol_callbackE
                0x0000000003805f00        0x4 /Applications/VEXcode V5 Text.app/Contents/Resources/sdk/vexv5/libv5rt.a(vex_competition.cpp.obj)
                0x0000000003805f00                vex::competition::_drivercontrol_callback
 .bss._ZN3vex11competition15_driver_pendingE
                0x0000000003805f04        0x1 /Applications/VEXcode V5 Text.app/Contents/Resources/sdk/vexv5/libv5rt.a(vex_competition.cpp.obj)
                0x0000000003805f04                vex::competition::_driver_pending
 .bss._ZStL8__ioinit
                0x0000000003805f05        0x1 /Applications/VEXcode V5 Text.app/Contents/Resources/sdk/vexv5/libv5rt.a(vex_triport.cpp.obj)
 *fill*         0x0000000003805f06        0x2 
 .bss._ZN3vex5color6orangeE
                0x0000000003805f08        0x8 /Applications/VEXcode V5 Text.app/Contents/Resources/sdk/vexv5/libv5rt.a(vex_color.cpp.obj)
                0x0000000003805f08                vex::color::orange
 .bss._ZN3vex5color5blackE
                0x0000000003805f10        0x8 /Applications/VEXcode V5 Text.app/Contents/Resources/sdk/vexv5/libv5rt.a(vex_color.cpp.obj)
                0x0000000003805f10                vex::color::black
 .bss._ZN3vex5color6yellowE
                0x0000000003805f18        0x8 /Applications/VEXcode V5 Text.app/Contents/Resources/sdk/vexv5/libv5rt.a(vex_color.cpp.obj)
                0x0000000003805f18                vex::color::yellow
 .bss._ZN3vex5color5greenE
                0x0000000003805f20        0x8 /Applications/VEXcode V5 Text.app/Contents/Resources/sdk/vexv5/libv5rt.a(vex_color.cpp.obj)
                0x0000000003805f20                vex::color::green
 .bss._ZN3vex5color6purpleE
                0x0000000003805f28        0x8 /Applications/VEXcode V5 Text.app/Contents/Resources/sdk/vexv5/libv5rt.a(vex_color.cpp.obj)
                0x0000000003805f28                vex::color::purple
 .bss._ZN3vex5color4cyanE
                0x0000000003805f30        0x8 /Applications/VEXcode V5 Text.app/Contents/Resources/sdk/vexv5/libv5rt.a(vex_color.cpp.obj)
                0x0000000003805f30                vex::color::cyan
 .bss._ZN3vex5color4blueE
                0x0000000003805f38        0x8 /Applications/VEXcode V5 Text.app/Contents/Resources/sdk/vexv5/libv5rt.a(vex_color.cpp.obj)
                0x0000000003805f38                vex::color::blue
 .bss._ZN3vex5color3redE
                0x0000000003805f40        0x8 /Applications/VEXcode V5 Text.app/Contents/Resources/sdk/vexv5/libv5rt.a(vex_color.cpp.obj)
                0x0000000003805f40                vex::color::red
 .bss._ZN3vex5color11transparentE
                0x0000000003805f48        0x8 /Applications/VEXcode V5 Text.app/Contents/Resources/sdk/vexv5/libv5rt.a(vex_color.cpp.obj)
                0x0000000003805f48                vex::color::transparent
 .bss._ZN3vex5color5whiteE
                0x0000000003805f50        0x8 /Applications/VEXcode V5 Text.app/Contents/Resources/sdk/vexv5/libv5rt.a(vex_color.cpp.obj)
                0x0000000003805f50                vex::color::white
 *(.gnu.linkonce.b.*)
 *(COMMON)
 COMMON         0x0000000003805f58        0x1 /Applications/VEXcode V5 Text.app/Contents/Resources/sdk/vexv5/libv5rt.a(v5_startup.c.obj)
                0x0000000003805f58                __vex_critical_section
                0x0000000003805f59                __bss_end = .
                0x0000000003804f6c                _SDA_BASE_ = (__sdata_start + ((__sbss_end - __sdata_start) / 0x2))
                0x0000000003804ad4                _SDA2_BASE_ = (__sdata2_start + ((__sbss2_end - __sdata2_start) / 0x2))

.heap           0x0000000003805f59   0x100007
                0x0000000003805f60                . = ALIGN (0x10)
 *fill*         0x0000000003805f59        0x7 
                0x0000000003805f60                _heap = .
                0x0000000003805f60                HeapBase = .
                0x0000000003805f60                _heap_start = .
                0x0000000003905f60                . = (. + _HEAP_SIZE)
 *fill*         0x0000000003805f60   0x100000 
                0x0000000003905f60                _heap_end = .
                0x0000000003905f60                HeapLimit = .

.stack          0x0000000003905f60     0x3800
                0x0000000003905f60                . = ALIGN (0x10)
                0x0000000003905f60                _stack_end = .
                0x0000000003907f60                . = (. + _STACK_SIZE)
 *fill*         0x0000000003905f60     0x2000 
                0x0000000003907f60                . = ALIGN (0x10)
                0x0000000003907f60                _stack = .
                0x0000000003907f60                __stack = _stack
                0x0000000003907f60                . = ALIGN (0x10)
                0x0000000003907f60                _irq_stack_end = .
                0x0000000003908360                . = (. + _IRQ_STACK_SIZE)
 *fill*         0x0000000003907f60      0x400 
                0x0000000003908360                . = ALIGN (0x10)
                0x0000000003908360                __irq_stack = .
                0x0000000003908360                _supervisor_stack_end = .
                0x0000000003908b60                . = (. + _SUPERVISOR_STACK_SIZE)
 *fill*         0x0000000003908360      0x800 
                0x0000000003908b60                . = ALIGN (0x10)
                0x0000000003908b60                __supervisor_stack = .
                0x0000000003908b60                _abort_stack_end = .
                0x0000000003908f60                . = (. + _ABORT_STACK_SIZE)
 *fill*         0x0000000003908b60      0x400 
                0x0000000003908f60                . = ALIGN (0x10)
                0x0000000003908f60                __abort_stack = .
                0x0000000003908f60                _fiq_stack_end = .
                0x0000000003909360                . = (. + _FIQ_STACK_SIZE)
 *fill*         0x0000000003908f60      0x400 
                0x0000000003909360                . = ALIGN (0x10)
                0x0000000003909360                __fiq_stack = .
                0x0000000003909360                _undef_stack_end = .
                0x0000000003909760                . = (. + _UNDEF_STACK_SIZE)
 *fill*         0x0000000003909360      0x400 
                0x0000000003909760                . = ALIGN (0x10)
                0x0000000003909760                __undef_stack = .
                0x0000000003909760                _end = .
LOAD /Applications/VEXcode V5 Text.app/Contents/Resources/sdk/vexv5/stdlib_0.lib
LOAD build/src/auton.o
LOAD build/src/main.o
LOAD build/src/odom.o
LOAD build/src/preauton.o
LOAD build/src/robot-config.o
LOAD build/src/rollers.o
LOAD build/src/usercontrol.o
LOAD build/src/vision-sensor.o
START GROUP
LOAD /Applications/VEXcode V5 Text.app/Contents/Resources/sdk/vexv5/libv5rt.a
LOAD /Applications/VEXcode V5 Text.app/Contents/Resources/sdk/vexv5/gcc/libs/libstdc++.a
LOAD /Applications/VEXcode V5 Text.app/Contents/Resources/sdk/vexv5/gcc/libs/libc.a
LOAD /Applications/VEXcode V5 Text.app/Contents/Resources/sdk/vexv5/gcc/libs/libm.a
LOAD /Applications/VEXcode V5 Text.app/Contents/Resources/sdk/vexv5/gcc/libs/libgcc.a
END GROUP
OUTPUT(build/Caldwell2020Code.elf elf32-littlearm)

.comment        0x0000000000000000       0x9d
 .comment       0x0000000000000000       0x2d build/src/auton.o
                                         0x2e (size before relaxing)
 .comment       0x000000000000002d       0x2e build/src/main.o
 .comment       0x000000000000002d       0x2e build/src/odom.o
 .comment       0x000000000000002d       0x2e build/src/preauton.o
 .comment       0x000000000000002d       0x2e build/src/robot-config.o
 .comment       0x000000000000002d       0x2e build/src/usercontrol.o
 .comment       0x000000000000002d       0x2e build/src/vision-sensor.o
 .comment       0x000000000000002d       0x70 /Applications/VEXcode V5 Text.app/Contents/Resources/sdk/vexv5/libv5rt.a(v5_startup.c.obj)
                                         0x71 (size before relaxing)
 .comment       0x000000000000009d       0x71 /Applications/VEXcode V5 Text.app/Contents/Resources/sdk/vexv5/libv5rt.a(v5_util.c.obj)
 .comment       0x000000000000009d       0x71 /Applications/VEXcode V5 Text.app/Contents/Resources/sdk/vexv5/libv5rt.a(v5_apijump.c.obj)
 .comment       0x000000000000009d       0x71 /Applications/VEXcode V5 Text.app/Contents/Resources/sdk/vexv5/libv5rt.a(v5_apiversions.c.obj)
 .comment       0x000000000000009d       0x71 /Applications/VEXcode V5 Text.app/Contents/Resources/sdk/vexv5/libv5rt.a(vex_global.cpp.obj)
 .comment       0x000000000000009d       0x71 /Applications/VEXcode V5 Text.app/Contents/Resources/sdk/vexv5/libv5rt.a(vex_motor.cpp.obj)
 .comment       0x000000000000009d       0x71 /Applications/VEXcode V5 Text.app/Contents/Resources/sdk/vexv5/libv5rt.a(vex_vision.cpp.obj)
 .comment       0x000000000000009d       0x71 /Applications/VEXcode V5 Text.app/Contents/Resources/sdk/vexv5/libv5rt.a(vex_controller.cpp.obj)
 .comment       0x000000000000009d       0x71 /Applications/VEXcode V5 Text.app/Contents/Resources/sdk/vexv5/libv5rt.a(vex_task.cpp.obj)